                              - Cross-reference -                      Page    1

################################################################################
#                                                                              #
#      IAR Universal Linker V5.0.2.5/W32                                       #
#                                                                              #
#           Link time     =  27/Oct/2014  20:17:47                             #
#           Target CPU    =  x51                                               #
#           List file     =  "C:\Synchro\Dropbox\Travaux\Automne 2014\Prog\Lab #
#                            o6\Programme\UPSD\List\CANbus.map"                #
#           Output file 1 =  "C:\Synchro\Dropbox\Travaux\Automne 2014\Prog\Lab #
#                            o6\Programme\UPSD\Exe\CANbus.Hex"                 #
#                            Format: intel-standard                            #
#           Command line  =  -D_NR_OF_BANKS=0 -D_CODEBANK_END=0                #
#                            -D_CODEBANK_START=0                               #
#                            "-IC:\Program Files (x86)\IAR Systems\Embedded Wo #
#                            rkbench 6.0\8051\CONFIG\"                         #
#                            "C:\Synchro\Dropbox\Travaux\Automne 2014\Prog\Lab #
#                            o6\Programme\UPSD\Obj\CANBUS.r51"                 #
#                            "C:\Synchro\Dropbox\Travaux\Automne 2014\Prog\Lab #
#                            o6\Programme\UPSD\Obj\CLClavier.r51"              #
#                            "C:\Synchro\Dropbox\Travaux\Automne 2014\Prog\Lab #
#                            o6\Programme\UPSD\Obj\CLCommunicUpsdPort1.r51"    #
#                            "C:\Synchro\Dropbox\Travaux\Automne 2014\Prog\Lab #
#                            o6\Programme\UPSD\Obj\CLEcran.r51"                #
#                            "C:\Synchro\Dropbox\Travaux\Automne 2014\Prog\Lab #
#                            o6\Programme\UPSD\Obj\CLI2CBase.r51"              #
#                            "C:\Synchro\Dropbox\Travaux\Automne 2014\Prog\Lab #
#                            o6\Programme\UPSD\Obj\CLI2CHard.r51"              #
#                            "C:\Synchro\Dropbox\Travaux\Automne 2014\Prog\Lab #
#                            o6\Programme\UPSD\Obj\CLI2CPort.r51"              #
#                            "C:\Synchro\Dropbox\Travaux\Automne 2014\Prog\Lab #
#                            o6\Programme\UPSD\Obj\CLSPI.r51"                  #
#                            "C:\Synchro\Dropbox\Travaux\Automne 2014\Prog\Lab #
#                            o6\Programme\UPSD\Obj\CLSortieLatch.r51"          #
#                            "C:\Synchro\Dropbox\Travaux\Automne 2014\Prog\Lab #
#                            o6\Programme\UPSD\Obj\CLinOutBase.r51"            #
#                            "C:\Synchro\Dropbox\Travaux\Automne 2014\Prog\Lab #
#                            o6\Programme\UPSD\Obj\NomDuProjet.r51"            #
#                            "C:\Synchro\Dropbox\Travaux\Automne 2014\Prog\Lab #
#                            o6\Programme\UPSD\Obj\Optik.r51"                  #
#                            "C:\Synchro\Dropbox\Travaux\Automne 2014\Prog\Lab #
#                            o6\Programme\UPSD\Obj\Timer0.r51"                 #
#                            -e_ScanfSmall=_Scanf -o                           #
#                            "C:\Synchro\Dropbox\Travaux\Automne 2014\Prog\Lab #
#                            o6\Programme\UPSD\Exe\CANbus.Hex"                 #
#                            -Fintel-standard -B -l                            #
#                            "C:\Synchro\Dropbox\Travaux\Automne 2014\Prog\Lab #
#                            o6\Programme\UPSD\List\CANbus.map"                #
#                            -xmsnio -p80                                      #
#                            "-IC:\Program Files (x86)\IAR Systems\Embedded Wo #
#                            rkbench 6.0\8051\LIB\"                            #
#                            "-IC:\Synchro\Dropbox\Travaux\Automne 2014\Prog\L #
#                            abo6\Programme\"                                  #
#                            -f                                                #
#                            "C:\Synchro\Dropbox\Travaux\Automne 2014\Prog\Lab #
#                            o6\Programme\_Ver810_lnk51ew_uPSD3254A.xcl"       #
#                            (-D_IDATA0_START=0x00 -D_IDATA0_END=0xFF          #
#                            -D_PDATA0_START=0x0F01 -D_PDATA0_END=0x0FFF       #
#                            -D_IXDATA0_START=0x0001 -D_IXDATA0_END=0x0FFF     #
#                            -D_XDATA0_START=0x0001 -D_XDATA0_END=0x0FFFF      #
#                            -D_CODE0_START=0x0000 -D_CODE0_END=0xFFFF         #
#                            -D?REGISTER_BANK=0x0 -D_REGISTER_BANK_START=0x0   #
#                            -D?PBANK_NUMBER=0x00 -D_BREG_START=0x00           #
#                            -D?VB=0x20 -D?ESP=0x9B -Z(BIT)BREG=_BREG_START    #
#                            -Z(BIT)BIT_N=0-7F                                 #
#                            -Z(DATA)REGISTERS+8=_REGISTER_BANK_START          #
#                            -Z(DATA)BDATA_Z,BDATA_N,BDATA_I=20-2F             #
#                            -Z(DATA)VREG+_NR_OF_VIRTUAL_REGISTERS=08-7F       #
#                            -Z(DATA)PSP,XSP=08-7F -Z(DATA)DOVERLAY=08-7F      #
#                            -Z(DATA)DATA_I,DATA_Z,DATA_N=08-7F                #
#                            -U(IDATA)0-7F=(DATA)0-7F                          #
#                            -Z(IDATA)IDATA_I,IDATA_Z,IDATA_N=08-_IDATA0_END   #
#                            -Z(IDATA)ISTACK+_IDATA_STACK_SIZE#08-_IDATA0_END  #
#                            -Z(IDATA)IOVERLAY=08-FF -Z(CODE)INTVEC=0          #
#                            -Z(CODE)CSTART=_CODE0_START-_CODE0_END            #
#                            -Z(CODE)BIT_ID,BDATA_ID,DATA_ID,IDATA_ID,IXDATA_I #
#                            D,PDATA_ID,XDATA_ID=_CODE0_START-_CODE0_END       #
#                            -Z(CODE)HUGE_ID=_CODE0_START-_CODE0_END           #
#                            -Z(CODE)RCODE,DIFUNCT=_CODE0_START-_CODE0_END     #
                              - Cross-reference -                      Page    2

#                            -P(CODE)CODE_C,CODE_N,NEAR_CODE=_CODE0_START-_COD #
#                            E0_END                                            #
#                            -Z(CODE)CHECKSUM#_CODE0_END                       #
#                            -Z(XDATA)PDATA_Z,PDATA_I=_PDATA0_START-_PDATA0_EN #
#                            D                                                 #
#                            -P(XDATA)PDATA_N=_PDATA0_START-_PDATA0_END        #
#                            -Z(XDATA)PSTACK+_PDATA_STACK_SIZE=_PDATA0_START-_ #
#                            PDATA0_END                                        #
#                            -Z(XDATA)EXT_STACK+_EXTENDED_STACK_SIZE=_EXTENDED #
#                            _STACK_START                                      #
#                            -Z(XDATA)XSTACK+_XDATA_STACK_SIZE=_XDATA0_START-_ #
#                            XDATA0_END                                        #
#                            -Z(XDATA)IXDATA_Z,IXDATA_I=_IXDATA0_START-_IXDATA #
#                            0_END                                             #
#                            -P(XDATA)IXDATA_N=_IXDATA0_START-_IXDATA0_END     #
#                            -Z(XDATA)XDATA_Z,XDATA_I=_XDATA0_START-_XDATA0_EN #
#                            D                                                 #
#                            -P(XDATA)XDATA_N=_XDATA0_START-_XDATA0_END        #
#                            -Z(XDATA)XDATA_HEAP+_XDATA_HEAP_SIZE=_XDATA0_STAR #
#                            T-_XDATA0_END                                     #
#                            -Z(CONST)XDATA_ROM_C=_XDATA0_START-_XDATA0_END    #
#                            -Z(CODE)FAR22_ID=[_CODE0_START-_CODE0_END]/10000  #
#                            -Z(CODE)FAR_ID=[_CODE0_START-_CODE0_END]/10000    #
#                            -cx51) -D_NR_OF_VIRTUAL_REGISTERS=8               #
#                            -D?PBANK=0xA0 -s __program_start                  #
#                            "C:\Program Files (x86)\IAR Systems\Embedded Work #
#                            bench 6.0\8051\LIB\DLIB\dl-pli-nlxd-1e16x01.r51"  #
#                            -D_IDATA_STACK_SIZE=0x40                          #
#                            -D_EXTENDED_STACK_START=0x00                      #
#                            -D_EXTENDED_STACK_SIZE=0x00                       #
#                            -D_PDATA_STACK_SIZE=0x80                          #
#                            -D_XDATA_STACK_SIZE=0xEFF                         #
#                            -D_XDATA_HEAP_SIZE=0xFFF -D_FAR_HEAP_SIZE=0xFFF   #
#                            -D_HUGE_HEAP_SIZE=0xFFF                           #
#                            -D_FAR22_HEAP_SIZE=0xFFF                          #
#                                                                              #
#                           Copyright (C) 1987-2010 IAR Systems AB.            #
################################################################################

                              - Cross-reference -                      Page    3



                ****************************************
                *                                      *
                *           CROSS REFERENCE            *
                *                                      *
                ****************************************

       Program entry at : CODE      0000009F  Relocatable, from module : CSTARTUP




                ****************************************
                *                                      *
                *            RUNTIME MODEL             *
                *                                      *
                ****************************************

  __SystemLibrary          = DLib
  __calling_convention     = xdata_reentrant
  __code_model             = near
  __core                   = plain
  __data_model             = large
  __dptr_size              = 16
  __extended_stack         = disabled
  __location_for_constants = data
  __number_of_dptrs        = 1
  __rt_version             = 1



                ****************************************
                *                                      *
                *              MODULE MAP              *
                *                                      *
                ****************************************


  DEFINED ABSOLUTE ENTRIES
    *************************************************************************

  DEFINED ABSOLUTE ENTRIES
  PROGRAM MODULE, NAME : ?ABS_ENTRY_MOD

Absolute parts
           ENTRY                   ADDRESS         REF BY
           =====                   =======         ======
           _FAR22_HEAP_SIZE        00000FFF 
           _HUGE_HEAP_SIZE         00000FFF 
           _FAR_HEAP_SIZE          00000FFF 
           _XDATA_HEAP_SIZE        00000FFF 
           _XDATA_STACK_SIZE       00000EFF 
           _PDATA_STACK_SIZE       00000080 
           _EXTENDED_STACK_SIZE    00000000 
           _EXTENDED_STACK_START   00000000 
           _IDATA_STACK_SIZE       00000040 
           ?PBANK                  000000A0 
           _NR_OF_VIRTUAL_REGISTERS
                                   00000008 
           ?ESP                    0000009B 
           ?VB                     00000020        ?FUNC_ENTER_XDATA (?FUNC_ENTER_XDATA)
                                                   ?FUNC_LEAVE_XDATA (?FUNC_LEAVE_XDATA)
                                                   ?INTERRUPT_ENTER_XSP (?INTERRUPT_ENTER_XSP)
                                                   ?INTERRUPT_LEAVE_XSP (?INTERRUPT_LEAVE_XSP)
           _BREG_START             00000000 
           ?PBANK_NUMBER           00000000 
           _REGISTER_BANK_START    00000000 
           ?REGISTER_BANK          00000000        Segment part 6 (CSTARTUP)
           _CODE0_END              0000FFFF 
           _CODE0_START            00000000 
           _XDATA0_END             0000FFFF 
           _XDATA0_START           00000001 
           _IXDATA0_END            00000FFF 
           _IXDATA0_START          00000001 
           _PDATA0_END             00000FFF 
           _PDATA0_START           00000F01 
           _IDATA0_END             000000FF 
                              - Cross-reference -                      Page    4

           _IDATA0_START           00000000 
           _CODEBANK_START         00000000 
           _CODEBANK_END           00000000 
           _NR_OF_BANKS            00000000 
    *************************************************************************

  FILE NAME : C:\Synchro\Dropbox\Travaux\Automne 2014\Prog\Labo6\Programme\UPSD\Obj\CANBUS.r51
  PROGRAM MODULE, NAME : CANBUS

  SEGMENTS IN THE MODULE
  ======================
NEAR_CODE
  Segment part 14. NOT NEEDED.
           ENTRY                   ADDRESS         REF BY
           =====                   =======         ======
           CanBus::new CanBus()    
               calls direct, is not allocated
               not allocated function
    -------------------------------------------------------------------------
NEAR_CODE
  Segment part 15. NOT NEEDED.
           ENTRY                   ADDRESS         REF BY
           =====                   =======         ======
           CanBus::new CanBus(UC)
                                   
               calls direct, is not allocated
               not allocated function
    -------------------------------------------------------------------------
NEAR_CODE
  Segment part 16. NOT NEEDED.
           ENTRY                   ADDRESS         REF BY
           =====                   =======         ======
           CanBus::delete ~CanBus(CanBus *)
                                   
               calls direct, is not allocated
               not allocated function
    -------------------------------------------------------------------------
<NEAR_CODE> 1 (was NEAR_CODE)
  Relative segment, address: CODE 0000035F - 000003AD (0x4f bytes), align: 0
  Segment part 17.
           ENTRY                   ADDRESS         REF BY
           =====                   =======         ======
           CanBus::CanBus()        0000035F        __sti__routine() (NomDuProjet)
               calls direct
               XSTACK = 00000000 ( 00000009 )
    -------------------------------------------------------------------------
NEAR_CODE
  Segment part 18. NOT NEEDED.
           ENTRY                   ADDRESS         REF BY
           =====                   =======         ======
           CanBus::CanBus(UC)      
               calls direct, is not allocated
               not allocated function
    -------------------------------------------------------------------------
<NEAR_CODE> 1 (was NEAR_CODE)
  Relative segment, address: CODE 000003AE - 000003B0 (0x3 bytes), align: 0
  Segment part 19.
           ENTRY                   ADDRESS         REF BY
           =====                   =======         ======
           CanBus::~CanBus()       000003AE        Segment part 24 (NomDuProjet)
               calls direct, is indirectly called
               XSTACK = 00000008 ( 00000000 )
    -------------------------------------------------------------------------
<NEAR_CODE> 1 (was NEAR_CODE)
  Relative segment, address: CODE 000003B1 - 000004D2 (0x122 bytes), align: 0
  Segment part 20.            Intra module refs:   CanBus::CanBus()
           ENTRY                   ADDRESS         REF BY
           =====                   =======         ======
           CanBus::MCP24515_init()
                                   000003B1 
               calls direct
               XSTACK = 00000009 ( 0000000C )
    -------------------------------------------------------------------------
<NEAR_CODE> 1 (was NEAR_CODE)
  Relative segment, address: CODE 000004D3 - 000004F6 (0x24 bytes), align: 0
  Segment part 21.            Intra module refs:   CanBus::ChoisirIdentifiantTX0(int)
                                                   CanBus::MCP24515_init()
                                                   CanBus::SendMCP2515(UC const *)
                              - Cross-reference -                      Page    5

           ENTRY                   ADDRESS         REF BY
           =====                   =======         ======
           CanBus::EcrireRegistreMCP2515(UC, UC)
                                   000004D3 
               calls direct
               XSTACK = 0000000F ( 00000009 )
    -------------------------------------------------------------------------
<NEAR_CODE> 1 (was NEAR_CODE)
  Relative segment, address: CODE 000004F7 - 00000535 (0x3f bytes), align: 0
  Segment part 22.            Intra module refs:   CanBus::CanBus()
           ENTRY                   ADDRESS         REF BY
           =====                   =======         ======
           CanBus::ChoisirIdentifiantTX0(int)
                                   000004F7 
               calls direct
               XSTACK = 00000009 ( 00000009 )
    -------------------------------------------------------------------------
NEAR_CODE
  Segment part 23. NOT NEEDED.
           ENTRY                   ADDRESS         REF BY
           =====                   =======         ======
           CanBus::AcquitterInterruptionsMCP2515()
                                   
               calls direct, is not allocated
               not allocated function
    -------------------------------------------------------------------------
<NEAR_CODE> 1 (was NEAR_CODE)
  Relative segment, address: CODE 00000536 - 000005CA (0x95 bytes), align: 0
  Segment part 24.
           ENTRY                   ADDRESS         REF BY
           =====                   =======         ======
           CanBus::SendMCP2515(UC const *)
                                   00000536        main (NomDuProjet)
               calls direct
               XSTACK = 00000000 ( 00000013 )
    -------------------------------------------------------------------------
<NEAR_CODE> 1 (was NEAR_CODE)
  Relative segment, address: CODE 000005CB - 000005EB (0x21 bytes), align: 0
  Segment part 25.            Intra module refs:   CanBus::SendMCP2515(UC const *)
           ENTRY                   ADDRESS         REF BY
           =====                   =======         ======
           CanBus::Longueur(UC const *)
                                   000005CB 
               XSTACK = 0000000F ( 00000009 )
    -------------------------------------------------------------------------
<NEAR_CODE> 1 (was NEAR_CODE)
  Relative segment, address: CODE 000005EC - 0000061A (0x2f bytes), align: 0
  Segment part 26.            Intra module refs:   CanBus::MCP24515_init()
                                                   CanBus::SendMCP2515(UC const *)
           ENTRY                   ADDRESS         REF BY
           =====                   =======         ======
           CanBus::Delai(unsigned long)
                                   000005EC 
               XSTACK = 00000013 ( 0000000F )
    -------------------------------------------------------------------------
ISTACK
  Segment part 1. NOT NEEDED.
    -------------------------------------------------------------------------
PSTACK
  Segment part 2. NOT NEEDED.
    -------------------------------------------------------------------------
XSTACK
  Segment part 3. NOT NEEDED.
    -------------------------------------------------------------------------
IOVERLAY
  Segment part 4. NOT NEEDED.
    -------------------------------------------------------------------------
DOVERLAY
  Segment part 5. NOT NEEDED.
    -------------------------------------------------------------------------
XDATA_I
  Relative segment, address: XDATA 00000F1E - 00000F21 (0x4 bytes), align: 0
  Segment part 6.             Intra module refs:   CanBus::MCP24515_init()
           ENTRY                   ADDRESS         REF BY
           =====                   =======         ======
           __Constant_3e8          00000F1E 
    -------------------------------------------------------------------------
                              - Cross-reference -                      Page    6

XDATA_ID
  Relative segment, address: CODE 000000B1 - 000000B4 (0x4 bytes), align: 0
  Segment part 7.             Intra module refs:   __Constant_3e8
    -------------------------------------------------------------------------
XDATA_I
  Relative segment, address: XDATA 00000F22 - 00000F25 (0x4 bytes), align: 0
  Segment part 8.             Intra module refs:   CanBus::SendMCP2515(UC const *)
           ENTRY                   ADDRESS         REF BY
           =====                   =======         ======
           __Constant_a            00000F22 
    -------------------------------------------------------------------------
XDATA_ID
  Relative segment, address: CODE 000000B5 - 000000B8 (0x4 bytes), align: 0
  Segment part 9.             Intra module refs:   __Constant_a
    -------------------------------------------------------------------------
XDATA_I
  Relative segment, address: XDATA 00000F26 - 00000F29 (0x4 bytes), align: 0
  Segment part 10.            Intra module refs:   CLSPI::Delai(unsigned long) (CLSPI)
                                                   CanBus::Delai(unsigned long)
           ENTRY                   ADDRESS         REF BY
           =====                   =======         ======
           __Constant_0            00000F26 
    -------------------------------------------------------------------------
XDATA_ID
  Relative segment, address: CODE 000000B9 - 000000BC (0x4 bytes), align: 0
  Segment part 11.            Intra module refs:   __Constant_0
    -------------------------------------------------------------------------
XDATA_I
  Relative segment, address: XDATA 00000F2A - 00000F2D (0x4 bytes), align: 0
  Segment part 12.            Intra module refs:   CLSPI::Delai(unsigned long) (CLSPI)
                                                   CLSPI::WriteMPC2514(UC, UC, UC, UC) (CLSPI)
                                                   CanBus::Delai(unsigned long)
           ENTRY                   ADDRESS         REF BY
           =====                   =======         ======
           __Constant_1            00000F2A 
    -------------------------------------------------------------------------
XDATA_ID
  Relative segment, address: CODE 000000BD - 000000C0 (0x4 bytes), align: 0
  Segment part 13.            Intra module refs:   __Constant_1

    *************************************************************************

  FILE NAME : C:\Synchro\Dropbox\Travaux\Automne 2014\Prog\Labo6\Programme\UPSD\Obj\CLClavier.r51
  PROGRAM MODULE, NAME : CLClavier

  SEGMENTS IN THE MODULE
  ======================
SFR_AN
  Relative segment, address: DATA 000000A8 - 000000A8 (0x1 bytes), align: 0
  Segment part 1. ROOT.       Intra module refs:   CLClavier::vKeyboardInterrupt()
                                                   CLCommunic::vInteruptSerial() (CLCommunicUpsdPort1)
                                                   main (NomDuProjet)
           ENTRY                   ADDRESS         REF BY
           =====                   =======         ======
           _A_IE                   000000A8 
           LOCAL                   ADDRESS         
           =====                   =======         
           IE                      000000A8 
           IE_bit                  000000A8 
    -------------------------------------------------------------------------
SFR_AN
  Relative segment, address: DATA 00000088 - 00000088 (0x1 bytes), align: 0
  Segment part 2. ROOT.
           ENTRY                   ADDRESS         REF BY
           =====                   =======         ======
           _A_TCON                 00000088 
           LOCAL                   ADDRESS         
           =====                   =======         
           TCON                    00000088 
           TCON_bit                00000088 
    -------------------------------------------------------------------------
XDATA_Z
  Relative segment, address: XDATA 00000F00 - 00000F00 (0x1 bytes), align: 0
  Segment part 11.            Intra module refs:   CLClavier::vKeyboardInterrupt()
           ENTRY                   ADDRESS         REF BY
           =====                   =======         ======
           CLClavier::ucEtatClavier
                                   00000F00 
                              - Cross-reference -                      Page    7

    -------------------------------------------------------------------------
NEAR_CODE
  Segment part 12. NOT NEEDED.
           ENTRY                   ADDRESS         REF BY
           =====                   =======         ======
           CLClavier::new CLClavier()
                                   
               calls direct, is not allocated
               not allocated function
    -------------------------------------------------------------------------
NEAR_CODE
  Segment part 13. NOT NEEDED.
           ENTRY                   ADDRESS         REF BY
           =====                   =======         ======
           CLClavier::delete ~CLClavier(CLClavier *)
                                   
               calls direct, is not allocated
               not allocated function
    -------------------------------------------------------------------------
NEAR_CODE
  Segment part 14. NOT NEEDED.
           ENTRY                   ADDRESS         REF BY
           =====                   =======         ======
           CLClavier::CLClavier()
                                   
               is not allocated
               not allocated function
    -------------------------------------------------------------------------
NEAR_CODE
  Segment part 15. NOT NEEDED.
           ENTRY                   ADDRESS         REF BY
           =====                   =======         ======
           CLClavier::~CLClavier()
                                   
               is not allocated
               not allocated function
    -------------------------------------------------------------------------
NEAR_CODE
  Segment part 16. NOT NEEDED.
           ENTRY                   ADDRESS         REF BY
           =====                   =======         ======
           CLClavier::ucBoutonAppuye()
                                   
               is not allocated
               not allocated function
    -------------------------------------------------------------------------
NEAR_CODE
  Segment part 17. NOT NEEDED.
           ENTRY                   ADDRESS         REF BY
           =====                   =======         ======
           CLClavier::ucLireClavier()
                                   
               calls direct, is not allocated
               not allocated function
    -------------------------------------------------------------------------
<NEAR_CODE> 1 (was NEAR_CODE)
  Relative segment, address: CODE 00000CB4 - 00000CCE (0x1b bytes), align: 0
  Segment part 18.            Intra module refs:   CLClavier::vKeyboardInterrupt()::??INTVEC 3
           ENTRY                   ADDRESS         REF BY
           =====                   =======         ======
           CLClavier::vKeyboardInterrupt()
                                   00000CB4 
               interrupt function
               ISTACK = 00000000 ( 00000004 )
    -------------------------------------------------------------------------
INTVEC
  Common segment, address: CODE 00000000 - 00000005 (0x6 bytes), align: 0
  Segment part 3. ROOT.
           ENTRY                   ADDRESS         REF BY
           =====                   =======         ======
           CLClavier::vKeyboardInterrupt()::??INTVEC 3
                                   00000003 
    -------------------------------------------------------------------------
ISTACK
  Segment part 4. NOT NEEDED.
    -------------------------------------------------------------------------
PSTACK
  Segment part 5. NOT NEEDED.
                              - Cross-reference -                      Page    8

    -------------------------------------------------------------------------
XSTACK
  Segment part 6. NOT NEEDED.
    -------------------------------------------------------------------------
IOVERLAY
  Segment part 7. NOT NEEDED.
    -------------------------------------------------------------------------
DOVERLAY
  Segment part 8. NOT NEEDED.
    -------------------------------------------------------------------------
XDATA_ID
  Segment part 10. NOT NEEDED.
    -------------------------------------------------------------------------
XDATA_I
  Segment part 9. NOT NEEDED.

    *************************************************************************

  FILE NAME : C:\Synchro\Dropbox\Travaux\Automne 2014\Prog\Labo6\Programme\UPSD\Obj\CLCommunicUpsdPort1.r51
  PROGRAM MODULE, NAME : CLCommunicUpsdPort1

  SEGMENTS IN THE MODULE
  ======================
SFR_AN
  Segment part 1. TENTATIVE. Used definition from CLClavier
           ENTRY                   ADDRESS         REF BY
           =====                   =======         ======
           _A_IE                   
           LOCAL                   ADDRESS         
           =====                   =======         
           IE                      000000A8 
           IE_bit                  000000A8 
    -------------------------------------------------------------------------
SFR_AN
  Relative segment, address: DATA 00000099 - 00000099 (0x1 bytes), align: 0
  Segment part 2. ROOT.       Intra module refs:   CLCommunic::vInteruptSerial()
           ENTRY                   ADDRESS         REF BY
           =====                   =======         ======
           SBUF                    00000099 
    -------------------------------------------------------------------------
SFR_AN
  Relative segment, address: DATA 00000098 - 00000098 (0x1 bytes), align: 0
  Segment part 3. ROOT.       Intra module refs:   CLCommunic::vInteruptSerial()
           ENTRY                   ADDRESS         REF BY
           =====                   =======         ======
           _A_SCON                 00000098 
           LOCAL                   ADDRESS         
           =====                   =======         
           SCON                    00000098 
           SCON_bit                00000098 
    -------------------------------------------------------------------------
SFR_AN
  Relative segment, address: DATA 00000087 - 00000087 (0x1 bytes), align: 0
  Segment part 4. ROOT.
           ENTRY                   ADDRESS         REF BY
           =====                   =======         ======
           _A_PCON                 00000087 
           LOCAL                   ADDRESS         
           =====                   =======         
           PCON                    00000087 
           PCON_bit                00000087 
    -------------------------------------------------------------------------
SFR_AN
  Segment part 5. TENTATIVE. Used definition from CLClavier
           ENTRY                   ADDRESS         REF BY
           =====                   =======         ======
           _A_TCON                 
           LOCAL                   ADDRESS         
           =====                   =======         
           TCON                    00000088 
           TCON_bit                00000088 
    -------------------------------------------------------------------------
SFR_AN
  Relative segment, address: DATA 0000008D - 0000008D (0x1 bytes), align: 0
  Segment part 6. ROOT.
           ENTRY                   ADDRESS         REF BY
           =====                   =======         ======
           TH1                     0000008D 
                              - Cross-reference -                      Page    9

    -------------------------------------------------------------------------
SFR_AN
  Relative segment, address: DATA 00000089 - 00000089 (0x1 bytes), align: 0
  Segment part 7. ROOT.
           ENTRY                   ADDRESS         REF BY
           =====                   =======         ======
           _A_TMOD                 00000089 
           LOCAL                   ADDRESS         
           =====                   =======         
           TMOD                    00000089 
           TMOD_bit                00000089 
    -------------------------------------------------------------------------
XDATA_Z
  Relative segment, address: XDATA 00000F01 - 00000F01 (0x1 bytes), align: 0
  Segment part 14.            Intra module refs:   CLCommunic::vInteruptSerial()
           ENTRY                   ADDRESS         REF BY
           =====                   =======         ======
           CLCommunic::ucEtatTrame
                                   00000F01 
    -------------------------------------------------------------------------
XDATA_Z
  Relative segment, address: XDATA 00000F02 - 00000F02 (0x1 bytes), align: 0
  Segment part 15.            Intra module refs:   CLCommunic::ucLireNbCaractRecu()
                                                   CLCommunic::vInteruptSerial()
           ENTRY                   ADDRESS         REF BY
           =====                   =======         ======
           CLCommunic::ucNbCaractRecu
                                   00000F02 
    -------------------------------------------------------------------------
XDATA_I
  Relative segment, address: XDATA 00000F2E - 00000F2E (0x1 bytes), align: 0
  Segment part 16.            Intra module refs:   CLCommunic::vInteruptSerial()
           ENTRY                   ADDRESS         REF BY
           =====                   =======         ======
           CLCommunic::ucLongueurTrame
                                   00000F2E 
    -------------------------------------------------------------------------
XDATA_I
  Segment part 18. NOT NEEDED.
           ENTRY                   ADDRESS         REF BY
           =====                   =======         ======
           CLCommunic::ucLongueurTampon
                                   
    -------------------------------------------------------------------------
XDATA_Z
  Relative segment, address: XDATA 00000F03 - 00000F03 (0x1 bytes), align: 0
  Segment part 20.            Intra module refs:   CLCommunic::vInteruptSerial()
           ENTRY                   ADDRESS         REF BY
           =====                   =======         ======
           CLCommunic::ucCaractereRecu
                                   00000F03 
    -------------------------------------------------------------------------
XDATA_Z
  Relative segment, address: XDATA 00000F04 - 00000F04 (0x1 bytes), align: 0
  Segment part 21.            Intra module refs:   CLCommunic::vInteruptSerial()
           ENTRY                   ADDRESS         REF BY
           =====                   =======         ======
           CLCommunic::ucEtatReception
                                   00000F04 
    -------------------------------------------------------------------------
XDATA_Z
  Relative segment, address: XDATA 00000F05 - 00000F06 (0x2 bytes), align: 0
  Segment part 22.            Intra module refs:   CLCommunic::vInteruptSerial()
           ENTRY                   ADDRESS         REF BY
           =====                   =======         ======
           CLCommunic::cpDebutTrame
                                   00000F05 
    -------------------------------------------------------------------------
XDATA_Z
  Relative segment, address: XDATA 00000F07 - 00000F08 (0x2 bytes), align: 0
  Segment part 23.            Intra module refs:   CLCommunic::vInteruptSerial()
           ENTRY                   ADDRESS         REF BY
           =====                   =======         ======
           CLCommunic::cpFinTrame
                                   00000F07 
    -------------------------------------------------------------------------
XDATA_Z
  Relative segment, address: XDATA 00000F09 - 00000F0A (0x2 bytes), align: 0
                              - Cross-reference -                      Page   10

  Segment part 24.            Intra module refs:   CLCommunic::vInteruptSerial()
           ENTRY                   ADDRESS         REF BY
           =====                   =======         ======
           CLCommunic::cptrEcriture
                                   00000F09 
    -------------------------------------------------------------------------
XDATA_Z
  Relative segment, address: XDATA 00000F0B - 00000F0C (0x2 bytes), align: 0
  Segment part 25.            Intra module refs:   CLCommunic::vInteruptSerial()
           ENTRY                   ADDRESS         REF BY
           =====                   =======         ======
           CLCommunic::cptrLecture
                                   00000F0B 
    -------------------------------------------------------------------------
XDATA_Z
  Segment part 26. NOT NEEDED.
           ENTRY                   ADDRESS         REF BY
           =====                   =======         ======
           CLCommunic::cTabCaractereRecu
                                   
    -------------------------------------------------------------------------
NEAR_CODE
  Segment part 27. NOT NEEDED.
           ENTRY                   ADDRESS         REF BY
           =====                   =======         ======
           CLCommunic::new CLCommunic()
                                   
               calls direct, is not allocated
               not allocated function
    -------------------------------------------------------------------------
NEAR_CODE
  Segment part 28. NOT NEEDED.
           ENTRY                   ADDRESS         REF BY
           =====                   =======         ======
           CLCommunic::new CLCommunic(UC, UC, UI)
                                   
               calls direct, is not allocated
               not allocated function
    -------------------------------------------------------------------------
NEAR_CODE
  Segment part 29. NOT NEEDED.
           ENTRY                   ADDRESS         REF BY
           =====                   =======         ======
           CLCommunic::delete ~CLCommunic(CLCommunic *)
                                   
               calls direct, is not allocated
               not allocated function
    -------------------------------------------------------------------------
NEAR_CODE
  Segment part 30. NOT NEEDED.
           ENTRY                   ADDRESS         REF BY
           =====                   =======         ======
           CLCommunic::CLCommunic()
                                   
               calls direct, is not allocated
               not allocated function
    -------------------------------------------------------------------------
NEAR_CODE
  Segment part 31. NOT NEEDED.
           ENTRY                   ADDRESS         REF BY
           =====                   =======         ======
           CLCommunic::CLCommunic(UC, UC, UI)
                                   
               calls direct, is not allocated
               not allocated function
    -------------------------------------------------------------------------
NEAR_CODE
  Segment part 32. NOT NEEDED.
           ENTRY                   ADDRESS         REF BY
           =====                   =======         ======
           CLCommunic::~CLCommunic()
                                   
               calls direct, is not allocated
               not allocated function
    -------------------------------------------------------------------------
NEAR_CODE
  Segment part 33. NOT NEEDED.
           ENTRY                   ADDRESS         REF BY
                              - Cross-reference -                      Page   11

           =====                   =======         ======
           CLCommunic::ucInitLongTrame(UC)
                                   
               is not allocated
               not allocated function
    -------------------------------------------------------------------------
NEAR_CODE
  Segment part 34. NOT NEEDED.
           ENTRY                   ADDRESS         REF BY
           =====                   =======         ======
           CLCommunic::ucValideTrame()
                                   
               is not allocated
               not allocated function
    -------------------------------------------------------------------------
NEAR_CODE
  Segment part 35. NOT NEEDED.
           ENTRY                   ADDRESS         REF BY
           =====                   =======         ======
           CLCommunic::Send(UC)    
               is not allocated
               not allocated function
    -------------------------------------------------------------------------
NEAR_CODE
  Segment part 36. NOT NEEDED.
           ENTRY                   ADDRESS         REF BY
           =====                   =======         ======
           CLCommunic::SendString(char const *)
                                   
               calls direct, is not allocated
               not allocated function
    -------------------------------------------------------------------------
<NEAR_CODE> 1 (was NEAR_CODE)
  Relative segment, address: CODE 00000A96 - 00000AA3 (0xe bytes), align: 0
  Segment part 37.            Intra module refs:   CLCommunic::vInteruptSerial()
           ENTRY                   ADDRESS         REF BY
           =====                   =======         ======
           CLCommunic::ucLireNbCaractRecu()
                                   00000A96 
               ISTACK = 00000000 ( 00000002 )
    -------------------------------------------------------------------------
NEAR_CODE
  Segment part 38. NOT NEEDED.
           ENTRY                   ADDRESS         REF BY
           =====                   =======         ======
           CLCommunic::ucLireEtatTrame()
                                   
               is not allocated
               not allocated function
    -------------------------------------------------------------------------
NEAR_CODE
  Segment part 39. NOT NEEDED.
           ENTRY                   ADDRESS         REF BY
           =====                   =======         ======
           CLCommunic::ucpLireTrame()
                                   
               calls direct, is not allocated
               not allocated function
    -------------------------------------------------------------------------
NEAR_CODE
  Segment part 40. NOT NEEDED.
           ENTRY                   ADDRESS         REF BY
           =====                   =======         ======
           CLCommunic::vInitBaudRate(UI)
                                   
               is not allocated
               not allocated function
    -------------------------------------------------------------------------
<NEAR_CODE> 1 (was NEAR_CODE)
  Relative segment, address: CODE 00000AA4 - 00000B6F (0xcc bytes), align: 0
  Segment part 41.            Intra module refs:   CLCommunic::vInteruptSerial()::??INTVEC 35
           ENTRY                   ADDRESS         REF BY
           =====                   =======         ======
           CLCommunic::vInteruptSerial()
                                   00000AA4 
               interrupt function
               calls direct
               ISTACK = 00000000 ( 00000011 )
                              - Cross-reference -                      Page   12

    -------------------------------------------------------------------------
NEAR_CODE
  Segment part 42. NOT NEEDED.
           ENTRY                   ADDRESS         REF BY
           =====                   =======         ======
           CLCommunic::SendNumber(UI)
                                   
               calls direct, is not allocated
               not allocated function
    -------------------------------------------------------------------------
NEAR_CODE
  Segment part 43. NOT NEEDED.
           ENTRY                   ADDRESS         REF BY
           =====                   =======         ======
           CLCommunic::GetChar()   
               is not allocated
               not allocated function
    -------------------------------------------------------------------------
NEAR_CODE
  Segment part 44. NOT NEEDED.
           ENTRY                   ADDRESS         REF BY
           =====                   =======         ======
           CLCommunic::ucLireEtatReception()
                                   
               is not allocated
               not allocated function
    -------------------------------------------------------------------------
INTVEC
  Common segment, address: CODE 00000000 - 00000025 (0x26 bytes), align: 0
  Segment part 8. ROOT.
           ENTRY                   ADDRESS         REF BY
           =====                   =======         ======
           CLCommunic::vInteruptSerial()::??INTVEC 35
                                   00000023 
    -------------------------------------------------------------------------
ISTACK
  Segment part 9. NOT NEEDED.
    -------------------------------------------------------------------------
PSTACK
  Segment part 10. NOT NEEDED.
    -------------------------------------------------------------------------
XSTACK
  Segment part 11. NOT NEEDED.
    -------------------------------------------------------------------------
IOVERLAY
  Segment part 12. NOT NEEDED.
    -------------------------------------------------------------------------
DOVERLAY
  Segment part 13. NOT NEEDED.
    -------------------------------------------------------------------------
XDATA_ID
  Relative segment, address: CODE 000000C1 - 000000C1 (0x1 bytes), align: 0
  Segment part 17.            Intra module refs:   CLCommunic::ucLongueurTrame
    -------------------------------------------------------------------------
XDATA_ID
  Segment part 19. NOT NEEDED.

    *************************************************************************

  FILE NAME : C:\Synchro\Dropbox\Travaux\Automne 2014\Prog\Labo6\Programme\UPSD\Obj\CLEcran.r51
  PROGRAM MODULE, NAME : CLEcran

  SEGMENTS IN THE MODULE
  ======================
NEAR_CODE
  Segment part 10. NOT NEEDED.
           ENTRY                   ADDRESS         REF BY
           =====                   =======         ======
           CLEcran::new CLEcran()
                                   
               calls direct, is not allocated
               not allocated function
    -------------------------------------------------------------------------
NEAR_CODE
  Segment part 11. NOT NEEDED.
           ENTRY                   ADDRESS         REF BY
           =====                   =======         ======
           CLEcran::new CLEcran(USI)
                              - Cross-reference -                      Page   13

                                   
               calls direct, is not allocated
               not allocated function
    -------------------------------------------------------------------------
NEAR_CODE
  Segment part 12. NOT NEEDED.
           ENTRY                   ADDRESS         REF BY
           =====                   =======         ======
           CLEcran::delete ~CLEcran(CLEcran *)
                                   
               calls direct, is not allocated
               not allocated function
    -------------------------------------------------------------------------
<NEAR_CODE> 1 (was NEAR_CODE)
  Relative segment, address: CODE 0000061B - 0000063E (0x24 bytes), align: 0
  Segment part 13.
           ENTRY                   ADDRESS         REF BY
           =====                   =======         ======
           CLEcran::CLEcran()      0000061B        __sti__routine() (NomDuProjet)
               calls direct
               XSTACK = 00000000 ( 00000008 )
    -------------------------------------------------------------------------
NEAR_CODE
  Segment part 14. NOT NEEDED.
           ENTRY                   ADDRESS         REF BY
           =====                   =======         ======
           CLEcran::CLEcran(USI)   
               calls direct, is not allocated
               not allocated function
    -------------------------------------------------------------------------
<NEAR_CODE> 1 (was NEAR_CODE)
  Relative segment, address: CODE 0000063F - 00000641 (0x3 bytes), align: 0
  Segment part 15.
           ENTRY                   ADDRESS         REF BY
           =====                   =======         ======
           CLEcran::~CLEcran()     0000063F        Segment part 20 (NomDuProjet)
               calls direct, is indirectly called
               XSTACK = 00000008 ( 00000000 )
    -------------------------------------------------------------------------
<NEAR_CODE> 1 (was NEAR_CODE)
  Relative segment, address: CODE 00000642 - 00000657 (0x16 bytes), align: 0
  Segment part 16.            Intra module refs:   CLEcran::vLCDInit()
           ENTRY                   ADDRESS         REF BY
           =====                   =======         ======
           CLEcran::vDelaiLCD(USI)
                                   00000642 
               XSTACK = 00000009 ( 00000000 )
    -------------------------------------------------------------------------
<NEAR_CODE> 1 (was NEAR_CODE)
  Relative segment, address: CODE 00000658 - 0000067F (0x28 bytes), align: 0
  Segment part 17.            Intra module refs:   CLEcran::Lettre(char)
                                                   CLEcran::vLCDClr()
                                                   CLEcran::vLCDCursor(UC, UC)
                                                   CLEcran::vLCDInit()
           ENTRY                   ADDRESS         REF BY
           =====                   =======         ======
           CLEcran::vLCDBusy()     00000658 
               calls direct
               XSTACK = 0000000A ( 00000008 )
    -------------------------------------------------------------------------
<NEAR_CODE> 1 (was NEAR_CODE)
  Relative segment, address: CODE 00000680 - 000006A6 (0x27 bytes), align: 0
  Segment part 18.            Intra module refs:   CLEcran::~CLEcran()
           ENTRY                   ADDRESS         REF BY
           =====                   =======         ======
           CLEcran::vLCDClr()      00000680 
               calls direct
               XSTACK = 00000000 ( 00000008 )
    -------------------------------------------------------------------------
<NEAR_CODE> 1 (was NEAR_CODE)
  Relative segment, address: CODE 000006A7 - 00000754 (0xae bytes), align: 0
  Segment part 19.            Intra module refs:   CLEcran::CLEcran()
           ENTRY                   ADDRESS         REF BY
           =====                   =======         ======
           CLEcran::vLCDInit()     000006A7 
               calls direct
               XSTACK = 00000008 ( 00000009 )
    -------------------------------------------------------------------------
                              - Cross-reference -                      Page   14

<NEAR_CODE> 1 (was NEAR_CODE)
  Relative segment, address: CODE 00000755 - 000007B6 (0x62 bytes), align: 0
  Segment part 20.
           ENTRY                   ADDRESS         REF BY
           =====                   =======         ======
           CLEcran::vLCDCursor(UC, UC)
                                   00000755        main (NomDuProjet)
               calls direct
               XSTACK = 00000008 ( 0000000A )
    -------------------------------------------------------------------------
NEAR_CODE
  Segment part 21. NOT NEEDED.
           ENTRY                   ADDRESS         REF BY
           =====                   =======         ======
           CLEcran::Lettre(UC)     
               calls direct, is not allocated
               not allocated function
    -------------------------------------------------------------------------
<NEAR_CODE> 1 (was NEAR_CODE)
  Relative segment, address: CODE 000007B7 - 000007E3 (0x2d bytes), align: 0
  Segment part 22.            Intra module refs:   CLEcran::String(char const *)
           ENTRY                   ADDRESS         REF BY
           =====                   =======         ======
           CLEcran::Lettre(char)   000007B7 
               calls direct
               XSTACK = 0000001D ( 00000008 )
    -------------------------------------------------------------------------
NEAR_CODE
  Segment part 23. NOT NEEDED.
           ENTRY                   ADDRESS         REF BY
           =====                   =======         ======
           CLEcran::vHexToASCII(UC, UC *, UC *)
                                   
               is not allocated
               not allocated function
    -------------------------------------------------------------------------
NEAR_CODE
  Segment part 24. NOT NEEDED.
           ENTRY                   ADDRESS         REF BY
           =====                   =======         ======
           CLEcran::vHexToASCII(USI, UC *, UC *, UC *, UC *)
                                   
               is not allocated
               not allocated function
    -------------------------------------------------------------------------
NEAR_CODE
  Segment part 25. NOT NEEDED.
           ENTRY                   ADDRESS         REF BY
           =====                   =======         ======
           CLEcran::vLCDDisplayHexCarac(UC)
                                   
               calls direct, is not allocated
               not allocated function
    -------------------------------------------------------------------------
NEAR_CODE
  Segment part 26. NOT NEEDED.
           ENTRY                   ADDRESS         REF BY
           =====                   =======         ======
           CLEcran::vLCDDisplayHexCarac(USI)
                                   
               calls direct, is not allocated
               not allocated function
    -------------------------------------------------------------------------
NEAR_CODE
  Segment part 27. NOT NEEDED.
           ENTRY                   ADDRESS         REF BY
           =====                   =======         ======
           CLEcran::String(UC const *)
                                   
               calls direct, is not allocated
               not allocated function
    -------------------------------------------------------------------------
<NEAR_CODE> 1 (was NEAR_CODE)
  Relative segment, address: CODE 000007E4 - 00000804 (0x21 bytes), align: 0
  Segment part 28.
           ENTRY                   ADDRESS         REF BY
           =====                   =======         ======
           CLEcran::String(char const *)
                              - Cross-reference -                      Page   15

                                   000007E4        main (NomDuProjet)
               calls direct
               XSTACK = 00000000 ( 00000008 )
    -------------------------------------------------------------------------
NEAR_CODE
  Segment part 29. NOT NEEDED.
           ENTRY                   ADDRESS         REF BY
           =====                   =======         ======
           CLEcran::vLCDDisplayScreen(UC const *)
                                   
               calls direct, is not allocated
               not allocated function
    -------------------------------------------------------------------------
NEAR_CODE
  Segment part 30. NOT NEEDED.
           ENTRY                   ADDRESS         REF BY
           =====                   =======         ======
           CLEcran::vLCDDisplayEtatPort(UC)
                                   
               calls direct, is not allocated
               not allocated function
    -------------------------------------------------------------------------
NEAR_CODE
  Segment part 31. NOT NEEDED.
           ENTRY                   ADDRESS         REF BY
           =====                   =======         ======
           CLEcran::vLCDDisplayFloat(float)
                                   
               calls direct, is not allocated
               not allocated function
    -------------------------------------------------------------------------
ISTACK
  Segment part 1. NOT NEEDED.
    -------------------------------------------------------------------------
PSTACK
  Segment part 2. NOT NEEDED.
    -------------------------------------------------------------------------
XSTACK
  Segment part 3. NOT NEEDED.
    -------------------------------------------------------------------------
IOVERLAY
  Segment part 4. NOT NEEDED.
    -------------------------------------------------------------------------
DOVERLAY
  Segment part 5. NOT NEEDED.
    -------------------------------------------------------------------------
XDATA_I
  Segment part 6. TENTATIVE. Used definition from CANBUS
           ENTRY                   ADDRESS         REF BY
           =====                   =======         ======
           __Constant_0            
    -------------------------------------------------------------------------
XDATA_ID
  Segment part 7. NOT NEEDED.
    -------------------------------------------------------------------------
XDATA_I
  Segment part 8. NOT NEEDED.
           ENTRY                   ADDRESS         REF BY
           =====                   =======         ======
           __Constant_42c80000     
    -------------------------------------------------------------------------
XDATA_ID
  Segment part 9. NOT NEEDED.

    *************************************************************************

  FILE NAME : C:\Synchro\Dropbox\Travaux\Automne 2014\Prog\Labo6\Programme\UPSD\Obj\CLI2CBase.r51
  PROGRAM MODULE, NAME : CLI2CBase

  SEGMENTS IN THE MODULE
  ======================
SFR_AN
  Relative segment, address: DATA 000000B0 - 000000B0 (0x1 bytes), align: 0
  Segment part 1. ROOT.
           ENTRY                   ADDRESS         REF BY
           =====                   =======         ======
           _A_P3                   000000B0 
           LOCAL                   ADDRESS         
                              - Cross-reference -                      Page   16

           =====                   =======         
           P3                      000000B0 
           P3_bit                  000000B0 
    -------------------------------------------------------------------------
NEAR_CODE
  Segment part 7. NOT NEEDED.
           ENTRY                   ADDRESS         REF BY
           =====                   =======         ======
           CLI2CBase::new CLI2CBase()
                                   
               calls direct, is not allocated
               not allocated function
    -------------------------------------------------------------------------
NEAR_CODE
  Segment part 8. NOT NEEDED.
           ENTRY                   ADDRESS         REF BY
           =====                   =======         ======
           CLI2CBase::new CLI2CBase(UC)
                                   
               calls direct, is not allocated
               not allocated function
    -------------------------------------------------------------------------
NEAR_CODE
  Segment part 9. NOT NEEDED.
           ENTRY                   ADDRESS         REF BY
           =====                   =======         ======
           CLI2CBase::delete ~CLI2CBase(CLI2CBase *)
                                   
               calls direct, is not allocated
               not allocated function
    -------------------------------------------------------------------------
NEAR_CODE
  Segment part 10. NOT NEEDED.
           ENTRY                   ADDRESS         REF BY
           =====                   =======         ======
           CLI2CBase::CLI2CBase()
                                   
               is not allocated
               not allocated function
    -------------------------------------------------------------------------
NEAR_CODE
  Segment part 11. NOT NEEDED.
           ENTRY                   ADDRESS         REF BY
           =====                   =======         ======
           CLI2CBase::CLI2CBase(UC)
                                   
               is not allocated
               not allocated function
    -------------------------------------------------------------------------
NEAR_CODE
  Segment part 12. NOT NEEDED.
           ENTRY                   ADDRESS         REF BY
           =====                   =======         ======
           CLI2CBase::~CLI2CBase()
                                   
               is not allocated
               not allocated function
    -------------------------------------------------------------------------
NEAR_CODE
  Segment part 13. NOT NEEDED.
           ENTRY                   ADDRESS         REF BY
           =====                   =======         ======
           CLI2CBase::vI2CStart()
                                   
               calls direct, is not allocated
               not allocated function
    -------------------------------------------------------------------------
NEAR_CODE
  Segment part 14. NOT NEEDED.
           ENTRY                   ADDRESS         REF BY
           =====                   =======         ======
           CLI2CBase::vI2CStop()   
               calls direct, is not allocated
               not allocated function
    -------------------------------------------------------------------------
NEAR_CODE
  Segment part 15. NOT NEEDED.
           ENTRY                   ADDRESS         REF BY
                              - Cross-reference -                      Page   17

           =====                   =======         ======
           CLI2CBase::ucI2CLireBit()
                                   
               calls direct, is not allocated
               not allocated function
    -------------------------------------------------------------------------
NEAR_CODE
  Segment part 16. NOT NEEDED.
           ENTRY                   ADDRESS         REF BY
           =====                   =======         ======
           CLI2CBase::vI2CEcrireBit(UC)
                                   
               calls direct, is not allocated
               not allocated function
    -------------------------------------------------------------------------
NEAR_CODE
  Segment part 17. NOT NEEDED.
           ENTRY                   ADDRESS         REF BY
           =====                   =======         ======
           CLI2CBase::ucI2CLireOctet(UC)
                                   
               calls direct, is not allocated
               not allocated function
    -------------------------------------------------------------------------
NEAR_CODE
  Segment part 18. NOT NEEDED.
           ENTRY                   ADDRESS         REF BY
           =====                   =======         ======
           CLI2CBase::ucI2CEcrireOctet(UC)
                                   
               calls direct, is not allocated
               not allocated function
    -------------------------------------------------------------------------
NEAR_CODE
  Segment part 19. NOT NEEDED.
           ENTRY                   ADDRESS         REF BY
           =====                   =======         ======
           CLI2CBase::vDelaiI2C()
                                   
               is not allocated
               not allocated function
    -------------------------------------------------------------------------
ISTACK
  Segment part 2. NOT NEEDED.
    -------------------------------------------------------------------------
PSTACK
  Segment part 3. NOT NEEDED.
    -------------------------------------------------------------------------
XSTACK
  Segment part 4. NOT NEEDED.
    -------------------------------------------------------------------------
IOVERLAY
  Segment part 5. NOT NEEDED.
    -------------------------------------------------------------------------
DOVERLAY
  Segment part 6. NOT NEEDED.

    *************************************************************************

  FILE NAME : C:\Synchro\Dropbox\Travaux\Automne 2014\Prog\Labo6\Programme\UPSD\Obj\CLI2CHard.r51
  PROGRAM MODULE, NAME : CLI2CHard

  SEGMENTS IN THE MODULE
  ======================
SFR_AN
  Relative segment, address: DATA 000000A7 - 000000A7 (0x1 bytes), align: 0
  Segment part 1. ROOT.
           ENTRY                   ADDRESS         REF BY
           =====                   =======         ======
           _A_IEA                  000000A7 
           LOCAL                   ADDRESS         
           =====                   =======         
           IEA                     000000A7 
           IEA_bit                 000000A7 
    -------------------------------------------------------------------------
SFR_AN
  Relative segment, address: DATA 000000B7 - 000000B7 (0x1 bytes), align: 0
  Segment part 2. ROOT.
                              - Cross-reference -                      Page   18

           ENTRY                   ADDRESS         REF BY
           =====                   =======         ======
           _A_IPA                  000000B7 
           LOCAL                   ADDRESS         
           =====                   =======         
           IPA                     000000B7 
           IPA_bit                 000000B7 
    -------------------------------------------------------------------------
SFR_AN
  Relative segment, address: DATA 000000DD - 000000DD (0x1 bytes), align: 0
  Segment part 3. ROOT.       Intra module refs:   CLI2CHARD::vIntrI2C()
           ENTRY                   ADDRESS         REF BY
           =====                   =======         ======
           _A_S2STA                000000DD 
           LOCAL                   ADDRESS         
           =====                   =======         
           S2STA                   000000DD 
           S2STA_bit               000000DD 
    -------------------------------------------------------------------------
SFR_AN
  Relative segment, address: DATA 000000DC - 000000DC (0x1 bytes), align: 0
  Segment part 4. ROOT.
           ENTRY                   ADDRESS         REF BY
           =====                   =======         ======
           _A_S2CON                000000DC 
           LOCAL                   ADDRESS         
           =====                   =======         
           S2CON                   000000DC 
           S2CON_bit               000000DC 
    -------------------------------------------------------------------------
SFR_AN
  Relative segment, address: DATA 00000093 - 00000093 (0x1 bytes), align: 0
  Segment part 5. ROOT.
           ENTRY                   ADDRESS         REF BY
           =====                   =======         ======
           _A_P3SFS                00000093 
           LOCAL                   ADDRESS         
           =====                   =======         
           P3SFS                   00000093 
           P3SFS_bit               00000093 
    -------------------------------------------------------------------------
SFR_AN
  Relative segment, address: DATA 000000DE - 000000DE (0x1 bytes), align: 0
  Segment part 6. ROOT.       Intra module refs:   CLI2CHARD::vIntrI2C()
           ENTRY                   ADDRESS         REF BY
           =====                   =======         ======
           S2DAT                   000000DE 
    -------------------------------------------------------------------------
XDATA_Z
  Relative segment, address: XDATA 00000F0D - 00000F0D (0x1 bytes), align: 0
  Segment part 13.            Intra module refs:   CLI2CHARD::vIntrI2C()
           ENTRY                   ADDRESS         REF BY
           =====                   =======         ======
           CLI2CHARD::bus_lost_flag
                                   00000F0D 
    -------------------------------------------------------------------------
XDATA_Z
  Relative segment, address: XDATA 00000F0E - 00000F0E (0x1 bytes), align: 0
  Segment part 14.            Intra module refs:   CLI2CHARD::vIntrI2C()
           ENTRY                   ADDRESS         REF BY
           =====                   =======         ======
           CLI2CHARD::i2cwait      00000F0E 
    -------------------------------------------------------------------------
XDATA_Z
  Relative segment, address: XDATA 00000F0F - 00000F0F (0x1 bytes), align: 0
  Segment part 15.            Intra module refs:   CLI2CHARD::vIntrI2C()
           ENTRY                   ADDRESS         REF BY
           =====                   =======         ======
           CLI2CHARD::i2c_master   00000F0F 
    -------------------------------------------------------------------------
XDATA_Z
  Relative segment, address: XDATA 00000F10 - 00000F10 (0x1 bytes), align: 0
  Segment part 16.            Intra module refs:   CLI2CHARD::vIntrI2C()
           ENTRY                   ADDRESS         REF BY
           =====                   =======         ======
           CLI2CHARD::i2c_xmitr    00000F10 
    -------------------------------------------------------------------------
                              - Cross-reference -                      Page   19

XDATA_Z
  Relative segment, address: XDATA 00000F11 - 00000F11 (0x1 bytes), align: 0
  Segment part 17.            Intra module refs:   CLI2CHARD::vIntrI2C()
           ENTRY                   ADDRESS         REF BY
           =====                   =======         ======
           CLI2CHARD::slave_nack_flag
                                   00000F11 
    -------------------------------------------------------------------------
XDATA_Z
  Segment part 18. NOT NEEDED.
           ENTRY                   ADDRESS         REF BY
           =====                   =======         ======
           CLI2CHARD::i            
    -------------------------------------------------------------------------
XDATA_Z
  Segment part 19. NOT NEEDED.
           ENTRY                   ADDRESS         REF BY
           =====                   =======         ======
           CLI2CHARD::i2c_xmit_buf
                                   
    -------------------------------------------------------------------------
XDATA_Z
  Segment part 20. NOT NEEDED.
           ENTRY                   ADDRESS         REF BY
           =====                   =======         ======
           CLI2CHARD::i2c_rcv_buf
                                   
    -------------------------------------------------------------------------
XDATA_Z
  Segment part 21. NOT NEEDED.
           ENTRY                   ADDRESS         REF BY
           =====                   =======         ======
           CLI2CHARD::dummybyte    
    -------------------------------------------------------------------------
XDATA_Z
  Segment part 22. NOT NEEDED.
           ENTRY                   ADDRESS         REF BY
           =====                   =======         ======
           CLI2CHARD::i2c_timeout
                                   
    -------------------------------------------------------------------------
NEAR_CODE
  Segment part 23. NOT NEEDED.
           ENTRY                   ADDRESS         REF BY
           =====                   =======         ======
           CLI2CHARD::new CLI2CHARD()
                                   
               calls direct, is not allocated
               not allocated function
    -------------------------------------------------------------------------
NEAR_CODE
  Segment part 24. NOT NEEDED.
           ENTRY                   ADDRESS         REF BY
           =====                   =======         ======
           CLI2CHARD::delete ~CLI2CHARD(CLI2CHARD *)
                                   
               calls direct, is not allocated
               not allocated function
    -------------------------------------------------------------------------
NEAR_CODE
  Segment part 25. NOT NEEDED.
           ENTRY                   ADDRESS         REF BY
           =====                   =======         ======
           CLI2CHARD::CLI2CHARD()
                                   
               calls direct, is not allocated
               not allocated function
    -------------------------------------------------------------------------
NEAR_CODE
  Segment part 26. NOT NEEDED.
           ENTRY                   ADDRESS         REF BY
           =====                   =======         ======
           CLI2CHARD::~CLI2CHARD()
                                   
               is not allocated
               not allocated function
    -------------------------------------------------------------------------
                              - Cross-reference -                      Page   20

NEAR_CODE
  Segment part 27. NOT NEEDED.
           ENTRY                   ADDRESS         REF BY
           =====                   =======         ======
           CLI2CHARD::vInitUpsd()
                                   
               is not allocated
               not allocated function
    -------------------------------------------------------------------------
NEAR_CODE
  Segment part 28. NOT NEEDED.
           ENTRY                   ADDRESS         REF BY
           =====                   =======         ======
           CLI2CHARD::vI2C_WaitInterrupt()
                                   
               calls direct, is not allocated
               not allocated function
    -------------------------------------------------------------------------
<NEAR_CODE> 1 (was NEAR_CODE)
  Relative segment, address: CODE 00000BF8 - 00000C77 (0x80 bytes), align: 0
  Segment part 29.            Intra module refs:   CLI2CHARD::vIntrI2C()::??INTVEC 67
           ENTRY                   ADDRESS         REF BY
           =====                   =======         ======
           CLI2CHARD::vIntrI2C()   00000BF8 
               interrupt function
               ISTACK = 00000000 ( 00000007 )
    -------------------------------------------------------------------------
NEAR_CODE
  Segment part 30. NOT NEEDED.
           ENTRY                   ADDRESS         REF BY
           =====                   =======         ======
           CLI2CHARD::vEcritOctet(UC, UC)
                                   
               calls direct, is not allocated
               not allocated function
    -------------------------------------------------------------------------
NEAR_CODE
  Segment part 31. NOT NEEDED.
           ENTRY                   ADDRESS         REF BY
           =====                   =======         ======
           CLI2CHARD::ucLitOctet(UC)
                                   
               calls direct, is not allocated
               not allocated function
    -------------------------------------------------------------------------
NEAR_CODE
  Segment part 32. NOT NEEDED.
           ENTRY                   ADDRESS         REF BY
           =====                   =======         ======
           CLI2CHARD::vDelay(UINT16)
                                   
               is not allocated
               not allocated function
    -------------------------------------------------------------------------
INTVEC
  Common segment, address: CODE 00000000 - 00000045 (0x46 bytes), align: 0
  Segment part 7. ROOT.
           ENTRY                   ADDRESS         REF BY
           =====                   =======         ======
           CLI2CHARD::vIntrI2C()::??INTVEC 67
                                   00000043 
    -------------------------------------------------------------------------
ISTACK
  Segment part 8. NOT NEEDED.
    -------------------------------------------------------------------------
PSTACK
  Segment part 9. NOT NEEDED.
    -------------------------------------------------------------------------
XSTACK
  Segment part 10. NOT NEEDED.
    -------------------------------------------------------------------------
IOVERLAY
  Segment part 11. NOT NEEDED.
    -------------------------------------------------------------------------
DOVERLAY
  Segment part 12. NOT NEEDED.

    *************************************************************************
                              - Cross-reference -                      Page   21


  FILE NAME : C:\Synchro\Dropbox\Travaux\Automne 2014\Prog\Labo6\Programme\UPSD\Obj\CLI2CPort.r51
  PROGRAM MODULE, NAME : CLI2CPort

  SEGMENTS IN THE MODULE
  ======================
NEAR_CODE
  Segment part 6. NOT NEEDED.
           ENTRY                   ADDRESS         REF BY
           =====                   =======         ======
           CLI2CPort::new CLI2CPort()
                                   
               calls direct, is not allocated
               not allocated function
    -------------------------------------------------------------------------
NEAR_CODE
  Segment part 7. NOT NEEDED.
           ENTRY                   ADDRESS         REF BY
           =====                   =======         ======
           CLI2CPort::delete ~CLI2CPort(CLI2CPort *)
                                   
               calls direct, is not allocated
               not allocated function
    -------------------------------------------------------------------------
NEAR_CODE
  Segment part 8. NOT NEEDED.
           ENTRY                   ADDRESS         REF BY
           =====                   =======         ======
           CLI2CPort::CLI2CPort()
                                   
               calls direct, is not allocated
               not allocated function
    -------------------------------------------------------------------------
NEAR_CODE
  Segment part 9. NOT NEEDED.
           ENTRY                   ADDRESS         REF BY
           =====                   =======         ======
           CLI2CPort::~CLI2CPort()
                                   
               calls direct, is not allocated
               not allocated function
    -------------------------------------------------------------------------
NEAR_CODE
  Segment part 10. NOT NEEDED.
           ENTRY                   ADDRESS         REF BY
           =====                   =======         ======
           CLI2CPort::ucI2CLireDonnee(UC, UC)
                                   
               calls direct, is not allocated
               not allocated function
    -------------------------------------------------------------------------
NEAR_CODE
  Segment part 11. NOT NEEDED.
           ENTRY                   ADDRESS         REF BY
           =====                   =======         ======
           CLI2CPort::vI2CLireDonnee(UC, USI, UC, UC *, UC)
                                   
               calls direct, is not allocated
               not allocated function
    -------------------------------------------------------------------------
NEAR_CODE
  Segment part 12. NOT NEEDED.
           ENTRY                   ADDRESS         REF BY
           =====                   =======         ======
           CLI2CPort::vI2CEcrireDonnee(UC, UC, UC)
                                   
               calls direct, is not allocated
               not allocated function
    -------------------------------------------------------------------------
NEAR_CODE
  Segment part 13. NOT NEEDED.
           ENTRY                   ADDRESS         REF BY
           =====                   =======         ======
[...]
N/A (command line)                 16         3 839     64
N/A (alignment)
----------               -----     --     --  -----     --      -
Total:                   3 232     18     18  3 945     64      8
  + common                  70


                ****************************************
                *                                      *
                *              CALL GRAPH              *
                *                                      *
                ****************************************

  ->Sub-tree of type: Interrupt function tree that does not make
                    : indirect calls
                             XSTACK   ISTACK
    | Stack used (prev) :  00000000 00000000
  01  CLClavier::vKeyboardInterrupt()
      | Stack used (prev) :  00000000 00000000
      | + function block  :  00000000 00000004
  <-Sub-tree of type: Interrupt function tree that does not make
                    : indirect calls
    | Stack used          :  00000000 00000004


  ->Sub-tree of type: Interrupt function tree that does not make
                    : indirect calls
                             XSTACK   ISTACK
    | Stack used (prev) :  00000000 00000004
  02    CLCommunic::ucLireNbCaractRecu()
        | Stack used (prev) :  00000000 00000004
        | + function block  :  00000000 00000002
  01  CLCommunic::vInteruptSerial()
      | Stack used (prev) :  00000000 00000006
      | + function block  :  00000000 0000001E
  <-Sub-tree of type: Interrupt function tree that does not make
                    : indirect calls
    | Stack used          :  00000000 00000024


  ->Sub-tree of type: Interrupt function tree that does not make
                    : indirect calls
                             XSTACK   ISTACK
    | Stack used (prev) :  00000000 00000024
  01  CLI2CHARD::vIntrI2C()
      | Stack used (prev) :  00000000 00000024
      | + function block  :  00000000 00000007
  <-Sub-tree of type: Interrupt function tree that does not make
                    : indirect calls
    | Stack used          :  00000000 0000002B


  ->Sub-tree of type: Indirectly called function tree that does not make
                    : indirect calls (Is not an interrupt and is not flagged
                    : as not overlayable)
                             XSTACK   ISTACK
    | Stack used (prev) :  00000000 0000002B
  02    CLSPI::~CLSPI()
        | Stack used (prev) :  00000000 0000002B
        | + function block  :  00000008 00000000
  01  CanBus::~CanBus()
      | Stack used (prev) :  00000008 0000002B
      | + function block  :  00000008 00000000
  <-Sub-tree of type: Indirectly called function tree that does not make
                    : indirect calls (Is not an interrupt and is not flagged
                              - Cross-reference -                      Page   58

                    : as not overlayable)
    | Stack used          :  00000010 0000002B


  ->Sub-tree of type: Indirectly called function tree that does not make
                    : indirect calls (Is not an interrupt and is not flagged
                    : as not overlayable)
                             XSTACK   ISTACK
    | Stack used (prev) :  00000000 0000002B
  04        CLInOutBase::vOutPort(USI, UC)
            | Stack used (prev) :  00000000 0000002B
            | + function block  :  0000000C 00000003
  03      CLInOutBase::vOut(USI, UC)
          | Stack used (prev) :  0000000C 0000002E
          | + function block  :  00000000 00000002
  05          CLInOutBase::ucInPort(USI)
              | Stack used (prev) :  00000000 0000002B
              | + function block  :  0000000C 00000002
  04        CLInOutBase::ucIn(USI)
            | Stack used (prev) :  0000000C 0000002D
            | + function block  :  00000000 00000002
  03      CLEcran::vLCDBusy()
          | Stack used (prev) :  0000000C 0000002F
          | + function block  :  0000001A 00000000
  02    CLEcran::vLCDClr()
        | Stack used (prev) :  00000026 00000030
        | + function block  :  00000010 00000000
  01  CLEcran::~CLEcran()
      | Stack used (prev) :  00000036 00000030
      | + function block  :  00000008 00000000
  <-Sub-tree of type: Indirectly called function tree that does not make
                    : indirect calls (Is not an interrupt and is not flagged
                    : as not overlayable)
    | Stack used          :  0000003E 00000030


  ->Sub-tree of type: Function tree
                             XSTACK   ISTACK
    | Stack used (prev) :  0000003E 00000030
  04        __exit
            | Stack used (prev) :  0000003E 00000030
            | + function block  :  00000000 00000000
  03      abort
          | Stack used (prev) :  0000003E 00000030
          | + function block  :  00000000 00000000
  02    __record_needed_destruction
        | Stack used (prev) :  0000003E 00000030
        | + function block  :  0000001B 00000000
  04        CLInOutBase::vOut(USI, UC)
            | Stack used (prev) :  0000000C 0000002E
            | + function block  :  00000000 00000002
            |  Already listed
  04        CLEcran::vLCDBusy()
            | Stack used (prev) :  0000000C 0000002F
            | + function block  :  0000001A 00000000
            |  Already listed
  04        CLEcran::vLCDBusy()
            | Stack used (prev) :  0000000C 0000002F
            | + function block  :  0000001A 00000000
            |  Already listed
  04        CLEcran::vLCDBusy()
            | Stack used (prev) :  0000000C 0000002F
            | + function block  :  0000001A 00000000
            |  Already listed
  04        CLEcran::vLCDBusy()
            | Stack used (prev) :  0000000C 0000002F
            | + function block  :  0000001A 00000000
            |  Already listed
  04        CLEcran::vDelaiLCD(USI)
            | Stack used (prev) :  0000003E 00000030
            | + function block  :  00000009 00000000
  03      CLEcran::vLCDInit()
          | Stack used (prev) :  00000047 00000030
          | + function block  :  0000001A 00000000
  02    CLEcran::CLEcran()
        | Stack used (prev) :  00000061 00000030
        | + function block  :  00000010 00000000
  03      CLSPI::~CLSPI()
                              - Cross-reference -                      Page   59

          | Stack used (prev) :  00000000 0000002B
          | + function block  :  00000008 00000000
          |  Already listed
  03      CLSPI::CLSPI()
          | Stack used (prev) :  0000003E 00000030
          | + function block  :  00000000 00000000
  06            CLSPI::Delai(unsigned long)
                | Stack used (prev) :  0000003E 00000030
                | + function block  :  00000021 00000000
  06            CLSPI::Write(UC, UC)
                | Stack used (prev) :  0000003E 00000030
                | + function block  :  0000000E 00000000
  05          CLSPI::WriteMPC2514(UC, UC, UC, UC)
              | Stack used (prev) :  0000005F 00000030
              | + function block  :  00000025 00000002
  04        CanBus::EcrireRegistreMCP2515(UC, UC)
            | Stack used (prev) :  00000084 00000032
            | + function block  :  00000021 00000000
  04        CanBus::EcrireRegistreMCP2515(UC, UC)
            | Stack used (prev) :  00000084 00000032
            | + function block  :  00000021 00000000
            |  Already listed
  03      CanBus::ChoisirIdentifiantTX0(int)
          | Stack used (prev) :  000000A5 00000032
          | + function block  :  0000001B 00000000
  04        CLSPI::WriteMPC2514(UC, UC, UC, UC)
            | Stack used (prev) :  0000005F 00000030
            | + function block  :  00000025 00000002
            |  Already listed
  04        CanBus::Delai(unsigned long)
            | Stack used (prev) :  0000003E 00000030
            | + function block  :  00000022 00000000
  04        CanBus::EcrireRegistreMCP2515(UC, UC)
            | Stack used (prev) :  00000084 00000032
            | + function block  :  00000021 00000000
            |  Already listed
  04        CanBus::EcrireRegistreMCP2515(UC, UC)
            | Stack used (prev) :  00000084 00000032
            | + function block  :  00000021 00000000
            |  Already listed
  04        CanBus::EcrireRegistreMCP2515(UC, UC)
            | Stack used (prev) :  00000084 00000032
            | + function block  :  00000021 00000000
            |  Already listed
  04        CanBus::EcrireRegistreMCP2515(UC, UC)
            | Stack used (prev) :  00000084 00000032
            | + function block  :  00000021 00000000
            |  Already listed
  04        CanBus::EcrireRegistreMCP2515(UC, UC)
            | Stack used (prev) :  00000084 00000032
            | + function block  :  00000021 00000000
            |  Already listed
  04        CanBus::EcrireRegistreMCP2515(UC, UC)
            | Stack used (prev) :  00000084 00000032
            | + function block  :  00000021 00000000
            |  Already listed
  04        CanBus::EcrireRegistreMCP2515(UC, UC)
            | Stack used (prev) :  00000084 00000032
            | + function block  :  00000021 00000000
            |  Already listed
  04        CanBus::EcrireRegistreMCP2515(UC, UC)
            | Stack used (prev) :  00000084 00000032
            | + function block  :  00000021 00000000
            |  Already listed
  04        CanBus::EcrireRegistreMCP2515(UC, UC)
            | Stack used (prev) :  00000084 00000032
            | + function block  :  00000021 00000000
            |  Already listed
  04        CanBus::EcrireRegistreMCP2515(UC, UC)
            | Stack used (prev) :  00000084 00000032
            | + function block  :  00000021 00000000
            |  Already listed
  04        CanBus::EcrireRegistreMCP2515(UC, UC)
            | Stack used (prev) :  00000084 00000032
            | + function block  :  00000021 00000000
            |  Already listed
  04        CanBus::EcrireRegistreMCP2515(UC, UC)
            | Stack used (prev) :  00000084 00000032
                              - Cross-reference -                      Page   60

            | + function block  :  00000021 00000000
            |  Already listed
  04        CanBus::EcrireRegistreMCP2515(UC, UC)
            | Stack used (prev) :  00000084 00000032
            | + function block  :  00000021 00000000
            |  Already listed
  04        CanBus::EcrireRegistreMCP2515(UC, UC)
            | Stack used (prev) :  00000084 00000032
            | + function block  :  00000021 00000000
            |  Already listed
  04        CanBus::EcrireRegistreMCP2515(UC, UC)
            | Stack used (prev) :  00000084 00000032
            | + function block  :  00000021 00000000
            |  Already listed
  04        CanBus::EcrireRegistreMCP2515(UC, UC)
            | Stack used (prev) :  00000084 00000032
            | + function block  :  00000021 00000000
            |  Already listed
  04        CanBus::EcrireRegistreMCP2515(UC, UC)
            | Stack used (prev) :  00000084 00000032
            | + function block  :  00000021 00000000
            |  Already listed
  04        CanBus::EcrireRegistreMCP2515(UC, UC)
            | Stack used (prev) :  00000084 00000032
            | + function block  :  00000021 00000000
            |  Already listed
  04        CanBus::EcrireRegistreMCP2515(UC, UC)
            | Stack used (prev) :  00000084 00000032
            | + function block  :  00000021 00000000
            |  Already listed
  04        CanBus::EcrireRegistreMCP2515(UC, UC)
            | Stack used (prev) :  00000084 00000032
            | + function block  :  00000021 00000000
            |  Already listed
  04        CanBus::EcrireRegistreMCP2515(UC, UC)
            | Stack used (prev) :  00000084 00000032
            | + function block  :  00000021 00000000
            |  Already listed
  03      CanBus::MCP24515_init()
          | Stack used (prev) :  000000A5 00000032
          | + function block  :  00000019 00000000
  02    CanBus::CanBus()
        | Stack used (prev) :  000000C0 00000032
        | + function block  :  00000012 00000000
  01  __sti__routine()
      | Stack used (prev) :  000000D2 00000032
      | + function block  :  00000000 00000000
  <-Sub-tree of type: Function tree
    | Stack used          :  000000D2 00000032


  ->Sub-tree of type: Function tree
                             XSTACK   ISTACK
    | Stack used (prev) :  000000D2 00000032
  04        CLInOutBase::vOut(USI, UC)
            | Stack used (prev) :  0000000C 0000002E
            | + function block  :  00000000 00000002
            |  Already listed
  04        CLEcran::vLCDBusy()
            | Stack used (prev) :  0000000C 0000002F
            | + function block  :  0000001A 00000000
            |  Already listed
  03      CLEcran::Lettre(char)
          | Stack used (prev) :  000000D2 00000032
          | + function block  :  00000025 00000000
  02    CLEcran::String(char const *)
        | Stack used (prev) :  000000F7 00000032
        | + function block  :  00000010 00000000
  03      CLInOutBase::vOut(USI, UC)
          | Stack used (prev) :  0000000C 0000002E
          | + function block  :  00000000 00000002
          |  Already listed
  03      CLEcran::vLCDBusy()
          | Stack used (prev) :  0000000C 0000002F
          | + function block  :  0000001A 00000000
          |  Already listed
  02    CLEcran::vLCDCursor(UC, UC)
        | Stack used (prev) :  000000D2 00000032
                              - Cross-reference -                      Page   61

        | + function block  :  00000012 00000000
  03      CLSPI::WriteMPC2514(UC, UC, UC, UC)
          | Stack used (prev) :  0000005F 00000030
          | + function block  :  00000025 00000002
          |  Already listed
  03      CanBus::Delai(unsigned long)
          | Stack used (prev) :  0000003E 00000030
          | + function block  :  00000022 00000000
          |  Already listed
  03      CanBus::Longueur(UC const *)
          | Stack used (prev) :  000000D2 00000032
          | + function block  :  00000018 00000000
  03      CanBus::EcrireRegistreMCP2515(UC, UC)
          | Stack used (prev) :  00000084 00000032
          | + function block  :  00000021 00000000
          |  Already listed
  03      CanBus::EcrireRegistreMCP2515(UC, UC)
          | Stack used (prev) :  00000084 00000032
          | + function block  :  00000021 00000000
          |  Already listed
  02    CanBus::SendMCP2515(UC const *)
        | Stack used (prev) :  000000EA 00000032
        | + function block  :  0000001E 00000000
  01  main
      | Stack used (prev) :  00000108 00000032
      | + function block  :  00000000 00000000
  <-Sub-tree of type: Function tree
    | Stack used          :  00000108 00000032


  ->Sub-tree of type: Function tree
                             XSTACK   ISTACK
    | Stack used (prev) :  00000108 00000032
  02    __call_ctors
        | Stack used (prev) :  00000108 00000032
        | + function block  :  0000000C 00000000
  01  __cstart_call_ctors
      | Stack used (prev) :  00000114 00000032
      | + function block  :  00000000 00000000
  <-Sub-tree of type: Function tree
    | Stack used          :  00000114 00000032


  ->Sub-tree of type: Function tree
                             XSTACK   ISTACK
    | Stack used (prev) :  00000114 00000032
  01  __program_start
      | Stack used (prev) :  00000114 00000032
      | + function block  :  00000000 00000000
  <-Sub-tree of type: Function tree
    | Stack used          :  00000114 00000032


  ->Sub-tree of type: Function tree
                             XSTACK   ISTACK
    | Stack used (prev) :  00000114 00000032
  01  __low_level_init
      | Stack used (prev) :  00000114 00000032
      | + function block  :  00000000 00000000
  <-Sub-tree of type: Function tree
    | Stack used          :  00000114 00000032


  ->Sub-tree of type: Function tree
                             XSTACK   ISTACK
    | Stack used (prev) :  00000114 00000032
  01  __call_dtors
      | Stack used (prev) :  00000114 00000032
      | + function block  :  00000000 00000002
  <-Sub-tree of type: Function tree
    | Stack used          :  00000114 00000034


  ->Sub-tree of type: Function tree
                             XSTACK   ISTACK
    | Stack used (prev) :  00000114 00000034
  02    _exit
        | Stack used (prev) :  00000114 00000034
                              - Cross-reference -                      Page   62

        | + function block  :  00000000 00000000
  01  exit
      | Stack used (prev) :  00000114 00000034
      | + function block  :  00000000 00000000
  <-Sub-tree of type: Function tree
    | Stack used          :  00000114 00000034




                ****************************************
                *                                      *
                *      SEGMENTS IN ADDRESS ORDER       *
                *                                      *
                ****************************************


SEGMENT              SPACE    START ADDRESS   END ADDRESS     SIZE  TYPE  ALIGN
=======              =====    =============   ===========     ====  ====  =====
INTVEC               CODE          00000000 - 00000045          46   com    0
CSTART               CODE          00000046 - 000000B0          6B   rel    0
BIT_ID               CODE               000000B1                     dse    0
BDATA_ID             CODE               000000B1                     dse    0
PDATA_ID             CODE               000000B1                     dse    0
IXDATA_ID            CODE               000000B1                     dse    0
DATA_ID              CODE               000000B1                     dse    0
IDATA_ID             CODE               000000B1                     dse    0
XDATA_ID             CODE          000000B1 - 000000FC          4C   rel    0
RCODE                CODE          000000FD - 0000035C         260   rel    0
DIFUNCT              CODE          0000035D - 0000035E           2   rel    0
<NEAR_CODE> 1        CODE          0000035F - 00000CE5         987   rel    0
REGISTERS            DATA          00000000 - 00000007           8   rel    0
VREG                 DATA          00000008 - 0000000F           8   rel    0
PSP                  DATA               00000010                     dse    0
XSP                  DATA          00000010 - 00000011           2   rel    0
BREG                 BIT        00000020.0  -  00000020.7        8   rel    0
SFR_AN               DATA          00000087 - 0000008A           4   rel    0
                     DATA          0000008C - 0000008D           2 
                     DATA          00000090 - 00000090           1 
                     DATA          00000093 - 00000093           1 
                     DATA          00000098 - 00000099           2 
                     DATA          000000A7 - 000000A8           2 
                     DATA          000000AE - 000000AE           1 
                     DATA          000000B0 - 000000B0           1 
                     DATA          000000B7 - 000000B7           1 
                     DATA          000000DC - 000000DE           3 
XSTACK               XDATA         00000001 - 00000EFF         EFF   rel    0
XDATA_Z              XDATA         00000F00 - 00000F1D          1E   rel    0
PDATA_Z              XDATA              00000F01                     rel    0
XDATA_I              XDATA         00000F1E - 00000F69          4C   rel    0
ISTACK               IDATA         000000C0 - 000000FF          40   rel    0

                ****************************************
                *                                      *
                *        END OF CROSS REFERENCE        *
                *                                      *
                ****************************************

 3 302 bytes of CODE  memory
    18 bytes of DATA  memory (+ 18 absolute )
 3 945 bytes of XDATA memory
    64 bytes of IDATA memory
     8 bits  of BIT   memory

Errors: none
Warnings: none

