                              - Cross-reference -                      Page    1

################################################################################
#                                                                              #
#      IAR Universal Linker V5.0.2.5/W32                                       #
#                                                                              #
#           Link time     =  27/Nov/2014  09:22:09                             #
#           Target CPU    =  x51                                               #
#           List file     =  "C:\Synchro\Dropbox\Travaux\Automne 2014\ProjetSe #
#                            ssion5\ProgrammeDuFESTO\ProgrammeFESTO\UPSD\List\ #
#                            FESTO.map"                                        #
#           Output file 1 =  "C:\Synchro\Dropbox\Travaux\Automne 2014\ProjetSe #
#                            ssion5\ProgrammeDuFESTO\ProgrammeFESTO\UPSD\Exe\F #
#                            ESTO.hex"                                         #
#                            Format: intel-standard                            #
#           Command line  =  -D_NR_OF_BANKS=0 -D_CODEBANK_END=0                #
#                            -D_CODEBANK_START=0                               #
#                            "-IC:\Program Files (x86)\IAR Systems\Embedded Wo #
#                            rkbench 6.0\8051\CONFIG\"                         #
#                            "C:\Synchro\Dropbox\Travaux\Automne 2014\ProjetSe #
#                            ssion5\ProgrammeDuFESTO\ProgrammeFESTO\UPSD\Obj\B #
#                            locFESTOmain.r51"                                 #
#                            "C:\Synchro\Dropbox\Travaux\Automne 2014\ProjetSe #
#                            ssion5\ProgrammeDuFESTO\ProgrammeFESTO\UPSD\Obj\C #
#                            LClavier.r51"                                     #
#                            "C:\Synchro\Dropbox\Travaux\Automne 2014\ProjetSe #
#                            ssion5\ProgrammeDuFESTO\ProgrammeFESTO\UPSD\Obj\C #
#                            LCommunicUpsdPort1.r51"                           #
#                            "C:\Synchro\Dropbox\Travaux\Automne 2014\ProjetSe #
#                            ssion5\ProgrammeDuFESTO\ProgrammeFESTO\UPSD\Obj\C #
#                            LEcran.r51"                                       #
#                            "C:\Synchro\Dropbox\Travaux\Automne 2014\ProjetSe #
#                            ssion5\ProgrammeDuFESTO\ProgrammeFESTO\UPSD\Obj\C #
#                            LFestoCaptors.r51"                                #
#                            "C:\Synchro\Dropbox\Travaux\Automne 2014\ProjetSe #
#                            ssion5\ProgrammeDuFESTO\ProgrammeFESTO\UPSD\Obj\C #
#                            LI2CBase.r51"                                     #
#                            "C:\Synchro\Dropbox\Travaux\Automne 2014\ProjetSe #
#                            ssion5\ProgrammeDuFESTO\ProgrammeFESTO\UPSD\Obj\C #
#                            LI2CPort.r51"                                     #
#                            "C:\Synchro\Dropbox\Travaux\Automne 2014\ProjetSe #
#                            ssion5\ProgrammeDuFESTO\ProgrammeFESTO\UPSD\Obj\C #
#                            LIOPCF8574.r51"                                   #
#                            "C:\Synchro\Dropbox\Travaux\Automne 2014\ProjetSe #
#                            ssion5\ProgrammeDuFESTO\ProgrammeFESTO\UPSD\Obj\C #
#                            LMCP2515.r51"                                     #
#                            "C:\Synchro\Dropbox\Travaux\Automne 2014\ProjetSe #
#                            ssion5\ProgrammeDuFESTO\ProgrammeFESTO\UPSD\Obj\C #
#                            LSPI.r51"                                         #
#                            "C:\Synchro\Dropbox\Travaux\Automne 2014\ProjetSe #
#                            ssion5\ProgrammeDuFESTO\ProgrammeFESTO\UPSD\Obj\C #
#                            LSortieLatch.r51"                                 #
#                            "C:\Synchro\Dropbox\Travaux\Automne 2014\ProjetSe #
#                            ssion5\ProgrammeDuFESTO\ProgrammeFESTO\UPSD\Obj\C #
#                            LinOutBase.r51"                                   #
#                            "C:\Synchro\Dropbox\Travaux\Automne 2014\ProjetSe #
#                            ssion5\ProgrammeDuFESTO\ProgrammeFESTO\UPSD\Obj\C #
#                            onversions.r51"                                   #
#                            "C:\Synchro\Dropbox\Travaux\Automne 2014\ProjetSe #
#                            ssion5\ProgrammeDuFESTO\ProgrammeFESTO\UPSD\Obj\F #
#                            ESTO.r51"                                         #
#                            "C:\Synchro\Dropbox\Travaux\Automne 2014\ProjetSe #
#                            ssion5\ProgrammeDuFESTO\ProgrammeFESTO\UPSD\Obj\c #
#                            lPompe.r51"                                       #
#                            -e_ScanfSmall=_Scanf -o                           #
#                            "C:\Synchro\Dropbox\Travaux\Automne 2014\ProjetSe #
#                            ssion5\ProgrammeDuFESTO\ProgrammeFESTO\UPSD\Exe\F #
#                            ESTO.hex"                                         #
#                            -Fintel-standard -B -l                            #
#                            "C:\Synchro\Dropbox\Travaux\Automne 2014\ProjetSe #
#                            ssion5\ProgrammeDuFESTO\ProgrammeFESTO\UPSD\List\ #
#                            FESTO.map"                                        #
#                            -xmsnio -p80                                      #
#                            "-IC:\Program Files (x86)\IAR Systems\Embedded Wo #
#                            rkbench 6.0\8051\LIB\"                            #
#                            "-IC:\Synchro\Dropbox\Travaux\Automne 2014\Projet #
#                            Session5\ProgrammeDuFESTO\ProgrammeFESTO\"        #
#                            -f                                                #
#                            "C:\Synchro\Dropbox\Travaux\Automne 2014\ProjetSe #
#                            ssion5\ProgrammeDuFESTO\ProgrammeFESTO\_Ver810_ln #
                              - Cross-reference -                      Page    2

#                            k51ew_uPSD3254A.xcl"                              #
#                            (-D_IDATA0_START=0x00 -D_IDATA0_END=0xFF          #
#                            -D_PDATA0_START=0x0F01 -D_PDATA0_END=0x0FFF       #
#                            -D_IXDATA0_START=0x0001 -D_IXDATA0_END=0x0FFF     #
#                            -D_XDATA0_START=0x0001 -D_XDATA0_END=0x0FFFF      #
#                            -D_CODE0_START=0x0000 -D_CODE0_END=0xFFFF         #
#                            -D?REGISTER_BANK=0x0 -D_REGISTER_BANK_START=0x0   #
#                            -D?PBANK_NUMBER=0x00 -D_BREG_START=0x00           #
#                            -D?VB=0x20 -D?ESP=0x9B -Z(BIT)BREG=_BREG_START    #
#                            -Z(BIT)BIT_N=0-7F                                 #
#                            -Z(DATA)REGISTERS+8=_REGISTER_BANK_START          #
#                            -Z(DATA)BDATA_Z,BDATA_N,BDATA_I=20-2F             #
#                            -Z(DATA)VREG+_NR_OF_VIRTUAL_REGISTERS=08-7F       #
#                            -Z(DATA)PSP,XSP=08-7F -Z(DATA)DOVERLAY=08-7F      #
#                            -Z(DATA)DATA_I,DATA_Z,DATA_N=08-7F                #
#                            -U(IDATA)0-7F=(DATA)0-7F                          #
#                            -Z(IDATA)IDATA_I,IDATA_Z,IDATA_N=08-_IDATA0_END   #
#                            -Z(IDATA)ISTACK+_IDATA_STACK_SIZE#08-_IDATA0_END  #
#                            -Z(IDATA)IOVERLAY=08-FF -Z(CODE)INTVEC=0          #
#                            -Z(CODE)CSTART=_CODE0_START-_CODE0_END            #
#                            -Z(CODE)BIT_ID,BDATA_ID,DATA_ID,IDATA_ID,IXDATA_I #
#                            D,PDATA_ID,XDATA_ID=_CODE0_START-_CODE0_END       #
#                            -Z(CODE)HUGE_ID=_CODE0_START-_CODE0_END           #
#                            -Z(CODE)RCODE,DIFUNCT=_CODE0_START-_CODE0_END     #
#                            -P(CODE)CODE_C,CODE_N,NEAR_CODE=_CODE0_START-_COD #
#                            E0_END                                            #
#                            -Z(CODE)CHECKSUM#_CODE0_END                       #
#                            -Z(XDATA)PDATA_Z,PDATA_I=_PDATA0_START-_PDATA0_EN #
#                            D                                                 #
#                            -P(XDATA)PDATA_N=_PDATA0_START-_PDATA0_END        #
#                            -Z(XDATA)PSTACK+_PDATA_STACK_SIZE=_PDATA0_START-_ #
#                            PDATA0_END                                        #
#                            -Z(XDATA)EXT_STACK+_EXTENDED_STACK_SIZE=_EXTENDED #
#                            _STACK_START                                      #
#                            -Z(XDATA)XSTACK+_XDATA_STACK_SIZE=_XDATA0_START-_ #
#                            XDATA0_END                                        #
#                            -Z(XDATA)IXDATA_Z,IXDATA_I=_IXDATA0_START-_IXDATA #
#                            0_END                                             #
#                            -P(XDATA)IXDATA_N=_IXDATA0_START-_IXDATA0_END     #
#                            -Z(XDATA)XDATA_Z,XDATA_I=_XDATA0_START-_XDATA0_EN #
#                            D                                                 #
#                            -P(XDATA)XDATA_N=_XDATA0_START-_XDATA0_END        #
#                            -Z(XDATA)XDATA_HEAP+_XDATA_HEAP_SIZE=_XDATA0_STAR #
#                            T-_XDATA0_END                                     #
#                            -Z(CONST)XDATA_ROM_C=_XDATA0_START-_XDATA0_END    #
#                            -Z(CODE)FAR22_ID=[_CODE0_START-_CODE0_END]/10000  #
#                            -Z(CODE)FAR_ID=[_CODE0_START-_CODE0_END]/10000    #
#                            -cx51) -D_NR_OF_VIRTUAL_REGISTERS=8               #
#                            -D?PBANK=0xA0 -s __program_start                  #
#                            "C:\Program Files (x86)\IAR Systems\Embedded Work #
#                            bench 6.0\8051\LIB\DLIB\dl-pli-nlxd-1e16x01.r51"  #
#                            -D_IDATA_STACK_SIZE=0x40                          #
#                            -D_EXTENDED_STACK_START=0x00                      #
#                            -D_EXTENDED_STACK_SIZE=0x00                       #
#                            -D_PDATA_STACK_SIZE=0x80                          #
#                            -D_XDATA_STACK_SIZE=0xEFF                         #
#                            -D_XDATA_HEAP_SIZE=0xFFF -D_FAR_HEAP_SIZE=0xFFF   #
#                            -D_HUGE_HEAP_SIZE=0xFFF                           #
#                            -D_FAR22_HEAP_SIZE=0xFFF                          #
#                                                                              #
#                           Copyright (C) 1987-2010 IAR Systems AB.            #
################################################################################

                              - Cross-reference -                      Page    3



                ****************************************
                *                                      *
                *           CROSS REFERENCE            *
                *                                      *
                ****************************************

       Program entry at : CODE      0000007F  Relocatable, from module : CSTARTUP




                ****************************************
                *                                      *
                *            RUNTIME MODEL             *
                *                                      *
                ****************************************

  __SystemLibrary          = DLib
  __calling_convention     = xdata_reentrant
  __code_model             = near
  __core                   = plain
  __data_model             = large
  __dptr_size              = 16
  __extended_stack         = disabled
  __location_for_constants = data
  __number_of_dptrs        = 1
  __rt_version             = 1



                ****************************************
                *                                      *
                *              MODULE MAP              *
                *                                      *
                ****************************************


  DEFINED ABSOLUTE ENTRIES
    *************************************************************************

  DEFINED ABSOLUTE ENTRIES
  PROGRAM MODULE, NAME : ?ABS_ENTRY_MOD

Absolute parts
           ENTRY                   ADDRESS         REF BY
           =====                   =======         ======
           _FAR22_HEAP_SIZE        00000FFF 
           _HUGE_HEAP_SIZE         00000FFF 
           _FAR_HEAP_SIZE          00000FFF 
           _XDATA_HEAP_SIZE        00000FFF 
           _XDATA_STACK_SIZE       00000EFF 
           _PDATA_STACK_SIZE       00000080 
           _EXTENDED_STACK_SIZE    00000000 
           _EXTENDED_STACK_START   00000000 
           _IDATA_STACK_SIZE       00000040 
           ?PBANK                  000000A0 
           _NR_OF_VIRTUAL_REGISTERS
                                   00000008 
           ?ESP                    0000009B 
           ?VB                     00000020        ?FUNC_ENTER_XDATA (?FUNC_ENTER_XDATA)
                                                   ?FUNC_LEAVE_XDATA (?FUNC_LEAVE_XDATA)
                                                   ?INTERRUPT_ENTER_XSP (?INTERRUPT_ENTER_XSP)
                                                   ?INTERRUPT_LEAVE_XSP (?INTERRUPT_LEAVE_XSP)
           _BREG_START             00000000 
           ?PBANK_NUMBER           00000000 
           _REGISTER_BANK_START    00000000 
           ?REGISTER_BANK          00000000        Segment part 6 (CSTARTUP)
           _CODE0_END              0000FFFF 
           _CODE0_START            00000000 
           _XDATA0_END             0000FFFF 
           _XDATA0_START           00000001 
           _IXDATA0_END            00000FFF 
           _IXDATA0_START          00000001 
           _PDATA0_END             00000FFF 
           _PDATA0_START           00000F01 
           _IDATA0_END             000000FF 
                              - Cross-reference -                      Page    4

           _IDATA0_START           00000000 
           _CODEBANK_START         00000000 
           _CODEBANK_END           00000000 
           _NR_OF_BANKS            00000000 
    *************************************************************************

  FILE NAME : C:\Synchro\Dropbox\Travaux\Automne 2014\ProjetSession5\ProgrammeDuFESTO\ProgrammeFESTO\UPSD\Obj\BlocFESTOmain.r51
  PROGRAM MODULE, NAME : BlocFESTOmain

  SEGMENTS IN THE MODULE
  ======================
SFR_AN
  Relative segment, address: DATA 000000A8 - 000000A8 (0x1 bytes), align: 0
  Segment part 1. ROOT.       Intra module refs:   CLClavier::vKeyboardInterrupt() (CLClavier)
                                                   CLCommunic::vInitBaudRate(UI) (CLCommunicUpsdPort1)
                                                   CLCommunic::vInteruptSerial() (CLCommunicUpsdPort1)
                                                   main
           ENTRY                   ADDRESS         REF BY
           =====                   =======         ======
           _A_IE                   000000A8 
           LOCAL                   ADDRESS         
           =====                   =======         
           IE                      000000A8 
           IE_bit                  000000A8 
    -------------------------------------------------------------------------
SFR_AN
  Relative segment, address: DATA 000000AE - 000000AE (0x1 bytes), align: 0
  Segment part 2. ROOT.       Intra module refs:   main
           ENTRY                   ADDRESS         REF BY
           =====                   =======         ======
           WDKEY                   000000AE 
    -------------------------------------------------------------------------
XDATA_I
  Relative segment, address: XDATA 00000F2E - 00000F33 (0x6 bytes), align: 0
  Segment part 9.             Intra module refs:   __sti__routine()
    -------------------------------------------------------------------------
<NEAR_CODE> 1 (was NEAR_CODE)
  Relative segment, address: CODE 000013AA - 000013B7 (0xe bytes), align: 0
  Segment part 13.            Intra module refs:   Segment part 12
           LOCAL                   ADDRESS         
           =====                   =======         
           __sti__routine()        000013AA 
               calls direct
    -------------------------------------------------------------------------
XDATA_Z
  Relative segment, address: XDATA 00000F00 - 00000F12 (0x13 bytes), align: 0
  Segment part 8.             Intra module refs:   Segment part 10
                                                   __sti__routine()
                                                   main
           ENTRY                   ADDRESS         REF BY
           =====                   =======         ======
           FESTO                   00000F00 
    -------------------------------------------------------------------------
XDATA_Z
  Relative segment, address: XDATA 00000F13 - 00000F14 (0x2 bytes), align: 0
  Segment part 11.            Intra module refs:   Segment part 10
    -------------------------------------------------------------------------
<NEAR_CODE> 1 (was NEAR_CODE)
  Relative segment, address: CODE 000013B8 - 000013C7 (0x10 bytes), align: 0
  Segment part 14.
           ENTRY                   ADDRESS         REF BY
           =====                   =======         ======
           main                    000013B8        ?call_main (?cmain)
               calls direct
    -------------------------------------------------------------------------
ISTACK
  Segment part 3. NOT NEEDED.
    -------------------------------------------------------------------------
PSTACK
  Segment part 4. NOT NEEDED.
    -------------------------------------------------------------------------
XSTACK
  Segment part 5. NOT NEEDED.
    -------------------------------------------------------------------------
IOVERLAY
  Segment part 6. NOT NEEDED.
    -------------------------------------------------------------------------
                              - Cross-reference -                      Page    5

DOVERLAY
  Segment part 7. NOT NEEDED.
    -------------------------------------------------------------------------
XDATA_ID
  Relative segment, address: CODE 00000091 - 00000096 (0x6 bytes), align: 0
  Segment part 10.            Intra module refs:   Segment part 9
    -------------------------------------------------------------------------
DIFUNCT
  Relative segment, address: CODE 0000039F - 000003A0 (0x2 bytes), align: 0
  Segment part 12. ROOT.

    *************************************************************************

  FILE NAME : C:\Synchro\Dropbox\Travaux\Automne 2014\ProjetSession5\ProgrammeDuFESTO\ProgrammeFESTO\UPSD\Obj\CLClavier.r51
  PROGRAM MODULE, NAME : CLClavier

  SEGMENTS IN THE MODULE
  ======================
SFR_AN
  Segment part 1. TENTATIVE. Used definition from BlocFESTOmain
           ENTRY                   ADDRESS         REF BY
           =====                   =======         ======
           _A_IE                   
           LOCAL                   ADDRESS         
           =====                   =======         
           IE                      000000A8 
           IE_bit                  000000A8 
    -------------------------------------------------------------------------
SFR_AN
  Relative segment, address: DATA 00000088 - 00000088 (0x1 bytes), align: 0
  Segment part 2. ROOT.       Intra module refs:   CLCommunic::vInitBaudRate(UI) (CLCommunicUpsdPort1)
           ENTRY                   ADDRESS         REF BY
           =====                   =======         ======
           _A_TCON                 00000088 
           LOCAL                   ADDRESS         
           =====                   =======         
           TCON                    00000088 
           TCON_bit                00000088 
    -------------------------------------------------------------------------
XDATA_Z
  Relative segment, address: XDATA 00000F15 - 00000F15 (0x1 bytes), align: 0
  Segment part 11.            Intra module refs:   CLClavier::vKeyboardInterrupt()
           ENTRY                   ADDRESS         REF BY
           =====                   =======         ======
           CLClavier::ucEtatClavier
                                   00000F15 
    -------------------------------------------------------------------------
NEAR_CODE
  Segment part 12. NOT NEEDED.
           ENTRY                   ADDRESS         REF BY
           =====                   =======         ======
           CLClavier::new CLClavier()
                                   
               calls direct, is not allocated
               not allocated function
    -------------------------------------------------------------------------
NEAR_CODE
  Segment part 13. NOT NEEDED.
           ENTRY                   ADDRESS         REF BY
           =====                   =======         ======
           CLClavier::delete ~CLClavier(CLClavier *)
                                   
               calls direct, is not allocated
               not allocated function
    -------------------------------------------------------------------------
NEAR_CODE
  Segment part 14. NOT NEEDED.
           ENTRY                   ADDRESS         REF BY
           =====                   =======         ======
           CLClavier::CLClavier()
                                   
               is not allocated
               not allocated function
    -------------------------------------------------------------------------
NEAR_CODE
  Segment part 15. NOT NEEDED.
           ENTRY                   ADDRESS         REF BY
           =====                   =======         ======
                              - Cross-reference -                      Page    6

           CLClavier::~CLClavier()
                                   
               is not allocated
               not allocated function
    -------------------------------------------------------------------------
NEAR_CODE
  Segment part 16. NOT NEEDED.
           ENTRY                   ADDRESS         REF BY
           =====                   =======         ======
           CLClavier::ucBoutonAppuye()
                                   
               is not allocated
               not allocated function
    -------------------------------------------------------------------------
NEAR_CODE
  Segment part 17. NOT NEEDED.
           ENTRY                   ADDRESS         REF BY
           =====                   =======         ======
           CLClavier::ucLireClavier()
                                   
               calls direct, is not allocated
               not allocated function
    -------------------------------------------------------------------------
<NEAR_CODE> 1 (was NEAR_CODE)
  Relative segment, address: CODE 000013C8 - 000013E2 (0x1b bytes), align: 0
  Segment part 18.            Intra module refs:   CLClavier::vKeyboardInterrupt()::??INTVEC 3
           ENTRY                   ADDRESS         REF BY
           =====                   =======         ======
           CLClavier::vKeyboardInterrupt()
                                   000013C8 
               interrupt function
               ISTACK = 00000000 ( 00000004 )
    -------------------------------------------------------------------------
INTVEC
  Common segment, address: CODE 00000000 - 00000005 (0x6 bytes), align: 0
  Segment part 3. ROOT.
           ENTRY                   ADDRESS         REF BY
           =====                   =======         ======
           CLClavier::vKeyboardInterrupt()::??INTVEC 3
                                   00000003 
    -------------------------------------------------------------------------
ISTACK
  Segment part 4. NOT NEEDED.
    -------------------------------------------------------------------------
PSTACK
  Segment part 5. NOT NEEDED.
    -------------------------------------------------------------------------
XSTACK
  Segment part 6. NOT NEEDED.
    -------------------------------------------------------------------------
IOVERLAY
  Segment part 7. NOT NEEDED.
    -------------------------------------------------------------------------
DOVERLAY
  Segment part 8. NOT NEEDED.
    -------------------------------------------------------------------------
XDATA_ID
  Segment part 10. NOT NEEDED.
    -------------------------------------------------------------------------
XDATA_I
  Segment part 9. NOT NEEDED.

    *************************************************************************

  FILE NAME : C:\Synchro\Dropbox\Travaux\Automne 2014\ProjetSession5\ProgrammeDuFESTO\ProgrammeFESTO\UPSD\Obj\CLCommunicUpsdPort1.r51
  PROGRAM MODULE, NAME : CLCommunicUpsdPort1

  SEGMENTS IN THE MODULE
  ======================
SFR_AN
  Segment part 1. TENTATIVE. Used definition from BlocFESTOmain
           ENTRY                   ADDRESS         REF BY
           =====                   =======         ======
           _A_IE                   
           LOCAL                   ADDRESS         
           =====                   =======         
           IE                      000000A8 
           IE_bit                  000000A8 
                              - Cross-reference -                      Page    7

    -------------------------------------------------------------------------
SFR_AN
  Relative segment, address: DATA 00000099 - 00000099 (0x1 bytes), align: 0
  Segment part 2. ROOT.       Intra module refs:   CLCommunic::Send(UC)
                                                   CLCommunic::vInteruptSerial()
           ENTRY                   ADDRESS         REF BY
           =====                   =======         ======
           SBUF                    00000099 
    -------------------------------------------------------------------------
SFR_AN
  Relative segment, address: DATA 00000098 - 00000098 (0x1 bytes), align: 0
  Segment part 3. ROOT.       Intra module refs:   CLCommunic::Send(UC)
                                                   CLCommunic::vInitBaudRate(UI)
                                                   CLCommunic::vInteruptSerial()
           ENTRY                   ADDRESS         REF BY
           =====                   =======         ======
           _A_SCON                 00000098 
           LOCAL                   ADDRESS         
           =====                   =======         
           SCON                    00000098 
           SCON_bit                00000098 
    -------------------------------------------------------------------------
SFR_AN
  Relative segment, address: DATA 00000087 - 00000087 (0x1 bytes), align: 0
  Segment part 4. ROOT.       Intra module refs:   CLCommunic::vInitBaudRate(UI)
           ENTRY                   ADDRESS         REF BY
           =====                   =======         ======
           _A_PCON                 00000087 
           LOCAL                   ADDRESS         
           =====                   =======         
           PCON                    00000087 
           PCON_bit                00000087 
    -------------------------------------------------------------------------
SFR_AN
  Segment part 5. TENTATIVE. Used definition from CLClavier
           ENTRY                   ADDRESS         REF BY
           =====                   =======         ======
           _A_TCON                 
           LOCAL                   ADDRESS         
           =====                   =======         
           TCON                    00000088 
           TCON_bit                00000088 
    -------------------------------------------------------------------------
SFR_AN
  Relative segment, address: DATA 0000008D - 0000008D (0x1 bytes), align: 0
  Segment part 6. ROOT.       Intra module refs:   CLCommunic::vInitBaudRate(UI)
           ENTRY                   ADDRESS         REF BY
           =====                   =======         ======
           TH1                     0000008D 
    -------------------------------------------------------------------------
SFR_AN
  Relative segment, address: DATA 00000089 - 00000089 (0x1 bytes), align: 0
  Segment part 7. ROOT.       Intra module refs:   CLCommunic::vInitBaudRate(UI)
           ENTRY                   ADDRESS         REF BY
           =====                   =======         ======
           _A_TMOD                 00000089 
           LOCAL                   ADDRESS         
           =====                   =======         
           TMOD                    00000089 
           TMOD_bit                00000089 
    -------------------------------------------------------------------------
XDATA_Z
  Relative segment, address: XDATA 00000F16 - 00000F16 (0x1 bytes), align: 0
  Segment part 14.            Intra module refs:   CLCommunic::vInteruptSerial()
           ENTRY                   ADDRESS         REF BY
           =====                   =======         ======
           CLCommunic::ucEtatTrame
                                   00000F16 
    -------------------------------------------------------------------------
XDATA_Z
  Relative segment, address: XDATA 00000F17 - 00000F17 (0x1 bytes), align: 0
  Segment part 15.            Intra module refs:   CLCommunic::ucLireNbCaractRecu()
                                                   CLCommunic::vInteruptSerial()
           ENTRY                   ADDRESS         REF BY
           =====                   =======         ======
           CLCommunic::ucNbCaractRecu
                                   00000F17 
    -------------------------------------------------------------------------
                              - Cross-reference -                      Page    8

XDATA_I
  Relative segment, address: XDATA 00000F34 - 00000F34 (0x1 bytes), align: 0
  Segment part 16.            Intra module refs:   CLCommunic::CLCommunic()
                                                   CLCommunic::vInteruptSerial()
           ENTRY                   ADDRESS         REF BY
           =====                   =======         ======
           CLCommunic::ucLongueurTrame
                                   00000F34 
    -------------------------------------------------------------------------
XDATA_I
  Relative segment, address: XDATA 00000F35 - 00000F35 (0x1 bytes), align: 0
  Segment part 18.            Intra module refs:   CLCommunic::CLCommunic()
           ENTRY                   ADDRESS         REF BY
           =====                   =======         ======
           CLCommunic::ucLongueurTampon
                                   00000F35 
    -------------------------------------------------------------------------
XDATA_Z
  Relative segment, address: XDATA 00000F18 - 00000F18 (0x1 bytes), align: 0
  Segment part 20.            Intra module refs:   CLCommunic::vInteruptSerial()
           ENTRY                   ADDRESS         REF BY
           =====                   =======         ======
           CLCommunic::ucCaractereRecu
                                   00000F18 
    -------------------------------------------------------------------------
XDATA_Z
  Relative segment, address: XDATA 00000F19 - 00000F19 (0x1 bytes), align: 0
  Segment part 21.            Intra module refs:   CLCommunic::vInteruptSerial()
           ENTRY                   ADDRESS         REF BY
           =====                   =======         ======
           CLCommunic::ucEtatReception
                                   00000F19 
    -------------------------------------------------------------------------
XDATA_Z
  Relative segment, address: XDATA 00000F1A - 00000F1B (0x2 bytes), align: 0
  Segment part 22.            Intra module refs:   CLCommunic::CLCommunic()
                                                   CLCommunic::vInteruptSerial()
           ENTRY                   ADDRESS         REF BY
           =====                   =======         ======
           CLCommunic::cpDebutTrame
                                   00000F1A 
    -------------------------------------------------------------------------
XDATA_Z
  Relative segment, address: XDATA 00000F1C - 00000F1D (0x2 bytes), align: 0
  Segment part 23.            Intra module refs:   CLCommunic::CLCommunic()
                                                   CLCommunic::vInteruptSerial()
           ENTRY                   ADDRESS         REF BY
           =====                   =======         ======
           CLCommunic::cpFinTrame
                                   00000F1C 
    -------------------------------------------------------------------------
XDATA_Z
  Relative segment, address: XDATA 00000F1E - 00000F1F (0x2 bytes), align: 0
  Segment part 24.            Intra module refs:   CLCommunic::CLCommunic()
                                                   CLCommunic::vInteruptSerial()
           ENTRY                   ADDRESS         REF BY
           =====                   =======         ======
           CLCommunic::cptrEcriture
                                   00000F1E 
    -------------------------------------------------------------------------
XDATA_Z
  Relative segment, address: XDATA 00000F20 - 00000F21 (0x2 bytes), align: 0
  Segment part 25.            Intra module refs:   CLCommunic::CLCommunic()
                                                   CLCommunic::vInteruptSerial()
           ENTRY                   ADDRESS         REF BY
           =====                   =======         ======
           CLCommunic::cptrLecture
                                   00000F20 
    -------------------------------------------------------------------------
XDATA_Z
  Relative segment, address: XDATA 00000F22 - 00000F23 (0x2 bytes), align: 0
  Segment part 26.            Intra module refs:   CLCommunic::CLCommunic()
                                                   CLCommunic::~CLCommunic()
           ENTRY                   ADDRESS         REF BY
           =====                   =======         ======
           CLCommunic::cTabCaractereRecu
                                   00000F22 
    -------------------------------------------------------------------------
                              - Cross-reference -                      Page    9

NEAR_CODE
  Segment part 27. NOT NEEDED.
           ENTRY                   ADDRESS         REF BY
           =====                   =======         ======
           CLCommunic::new CLCommunic()
                                   
               calls direct, is not allocated
               not allocated function
    -------------------------------------------------------------------------
NEAR_CODE
  Segment part 28. NOT NEEDED.
           ENTRY                   ADDRESS         REF BY
           =====                   =======         ======
           CLCommunic::new CLCommunic(UC, UC, UI)
                                   
               calls direct, is not allocated
               not allocated function
    -------------------------------------------------------------------------
NEAR_CODE
  Segment part 29. NOT NEEDED.
           ENTRY                   ADDRESS         REF BY
           =====                   =======         ======
           CLCommunic::delete ~CLCommunic(CLCommunic *)
                                   
               calls direct, is not allocated
               not allocated function
    -------------------------------------------------------------------------
<NEAR_CODE> 1 (was NEAR_CODE)
  Relative segment, address: CODE 000006CE - 00000749 (0x7c bytes), align: 0
  Segment part 30.
           ENTRY                   ADDRESS         REF BY
           =====                   =======         ======
           CLCommunic::CLCommunic()
                                   000006CE        CLFesto::CLFesto() (FESTO)
               calls direct
               XSTACK = 00000000 ( 00000008 )
    -------------------------------------------------------------------------
NEAR_CODE
  Segment part 31. NOT NEEDED.
           ENTRY                   ADDRESS         REF BY
           =====                   =======         ======
           CLCommunic::CLCommunic(UC, UC, UI)
                                   
               calls direct, is not allocated
               not allocated function
    -------------------------------------------------------------------------
<NEAR_CODE> 1 (was NEAR_CODE)
  Relative segment, address: CODE 0000074A - 00000773 (0x2a bytes), align: 0
  Segment part 32.
           ENTRY                   ADDRESS         REF BY
           =====                   =======         ======
           CLCommunic::~CLCommunic()
                                   0000074A        CLFesto::~CLFesto() (FESTO)
               calls direct
               XSTACK = 00000008 ( 00000000 )
               ISTACK = 00000000 ( 00000002 )
    -------------------------------------------------------------------------
NEAR_CODE
  Segment part 33. NOT NEEDED.
           ENTRY                   ADDRESS         REF BY
           =====                   =======         ======
           CLCommunic::ucInitLongTrame(UC)
                                   
               is not allocated
               not allocated function
    -------------------------------------------------------------------------
NEAR_CODE
  Segment part 34. NOT NEEDED.
           ENTRY                   ADDRESS         REF BY
           =====                   =======         ======
           CLCommunic::ucValideTrame()
                                   
               is not allocated
               not allocated function
    -------------------------------------------------------------------------
<NEAR_CODE> 1 (was NEAR_CODE)
  Relative segment, address: CODE 00000774 - 0000077C (0x9 bytes), align: 0
  Segment part 35.            Intra module refs:   CLCommunic::SendString(char const *)
                              - Cross-reference -                      Page   10

           ENTRY                   ADDRESS         REF BY
           =====                   =======         ======
           CLCommunic::Send(UC)    00000774        CLFesto::SendToBolide(char const *) (FESTO)
                                                   CLFesto::SendToStation1(char const *) (FESTO)
               XSTACK = 0000000A ( 00000000 )
    -------------------------------------------------------------------------
<NEAR_CODE> 1 (was NEAR_CODE)
  Relative segment, address: CODE 0000077D - 0000079D (0x21 bytes), align: 0
  Segment part 36.
           ENTRY                   ADDRESS         REF BY
           =====                   =======         ======
           CLCommunic::SendString(char const *)
                                   0000077D        CLFesto::SendToBolide(char const *) (FESTO)
                                                   CLFesto::SendToStation1(char const *) (FESTO)
               calls direct
               XSTACK = 00000000 ( 00000008 )
    -------------------------------------------------------------------------
<NEAR_CODE> 1 (was NEAR_CODE)
  Relative segment, address: CODE 0000079E - 000007AB (0xe bytes), align: 0
  Segment part 37.            Intra module refs:   CLCommunic::vInteruptSerial()
           ENTRY                   ADDRESS         REF BY
           =====                   =======         ======
           CLCommunic::ucLireNbCaractRecu()
                                   0000079E 
               ISTACK = 00000000 ( 00000002 )
    -------------------------------------------------------------------------
NEAR_CODE
  Segment part 38. NOT NEEDED.
           ENTRY                   ADDRESS         REF BY
           =====                   =======         ======
           CLCommunic::ucLireEtatTrame()
                                   
               is not allocated
               not allocated function
    -------------------------------------------------------------------------
NEAR_CODE
  Segment part 39. NOT NEEDED.
           ENTRY                   ADDRESS         REF BY
           =====                   =======         ======
           CLCommunic::ucpLireTrame()
                                   
               calls direct, is not allocated
               not allocated function
    -------------------------------------------------------------------------
<NEAR_CODE> 1 (was NEAR_CODE)
  Relative segment, address: CODE 000007AC - 000007F5 (0x4a bytes), align: 0
  Segment part 40.            Intra module refs:   CLCommunic::CLCommunic()
           ENTRY                   ADDRESS         REF BY
           =====                   =======         ======
           CLCommunic::vInitBaudRate(UI)
                                   000007AC 
               XSTACK = 0000000D ( 00000009 )
    -------------------------------------------------------------------------
<NEAR_CODE> 1 (was NEAR_CODE)
  Relative segment, address: CODE 000007F6 - 000008C1 (0xcc bytes), align: 0
  Segment part 41.            Intra module refs:   CLCommunic::vInteruptSerial()::??INTVEC 35
           ENTRY                   ADDRESS         REF BY
           =====                   =======         ======
           CLCommunic::vInteruptSerial()
                                   000007F6 
               interrupt function
               calls direct
               ISTACK = 00000000 ( 00000011 )
    -------------------------------------------------------------------------
NEAR_CODE
  Segment part 42. NOT NEEDED.
           ENTRY                   ADDRESS         REF BY
           =====                   =======         ======
           CLCommunic::SendNumber(UI)
                                   
               calls direct, is not allocated
               not allocated function
    -------------------------------------------------------------------------
NEAR_CODE
  Segment part 43. NOT NEEDED.
           ENTRY                   ADDRESS         REF BY
           =====                   =======         ======
           CLCommunic::GetChar()   
                              - Cross-reference -                      Page   11

               is not allocated
               not allocated function
    -------------------------------------------------------------------------
NEAR_CODE
  Segment part 44. NOT NEEDED.
           ENTRY                   ADDRESS         REF BY
           =====                   =======         ======
           CLCommunic::ucLireEtatReception()
                                   
               is not allocated
               not allocated function
    -------------------------------------------------------------------------
INTVEC
  Common segment, address: CODE 00000000 - 00000025 (0x26 bytes), align: 0
  Segment part 8. ROOT.
           ENTRY                   ADDRESS         REF BY
           =====                   =======         ======
           CLCommunic::vInteruptSerial()::??INTVEC 35
                                   00000023 
    -------------------------------------------------------------------------
ISTACK
  Segment part 9. NOT NEEDED.
    -------------------------------------------------------------------------
PSTACK
  Segment part 10. NOT NEEDED.
    -------------------------------------------------------------------------
XSTACK
  Segment part 11. NOT NEEDED.
    -------------------------------------------------------------------------
IOVERLAY
  Segment part 12. NOT NEEDED.
    -------------------------------------------------------------------------
DOVERLAY
  Segment part 13. NOT NEEDED.
    -------------------------------------------------------------------------
XDATA_ID
  Relative segment, address: CODE 00000097 - 00000097 (0x1 bytes), align: 0
  Segment part 17.            Intra module refs:   CLCommunic::ucLongueurTrame
    -------------------------------------------------------------------------
XDATA_ID
  Relative segment, address: CODE 00000098 - 00000098 (0x1 bytes), align: 0
  Segment part 19.            Intra module refs:   CLCommunic::ucLongueurTampon

    *************************************************************************

  FILE NAME : C:\Synchro\Dropbox\Travaux\Automne 2014\ProjetSession5\ProgrammeDuFESTO\ProgrammeFESTO\UPSD\Obj\CLEcran.r51
  PROGRAM MODULE, NAME : CLEcran

  SEGMENTS IN THE MODULE
  ======================
NEAR_CODE
  Segment part 10. NOT NEEDED.
           ENTRY                   ADDRESS         REF BY
           =====                   =======         ======
           CLEcran::new CLEcran()
                                   
               calls direct, is not allocated
               not allocated function
    -------------------------------------------------------------------------
NEAR_CODE
  Segment part 11. NOT NEEDED.
           ENTRY                   ADDRESS         REF BY
           =====                   =======         ======
           CLEcran::new CLEcran(USI)
                                   
               calls direct, is not allocated
               not allocated function
    -------------------------------------------------------------------------
NEAR_CODE
  Segment part 12. NOT NEEDED.
           ENTRY                   ADDRESS         REF BY
           =====                   =======         ======
           CLEcran::delete ~CLEcran(CLEcran *)
                                   
               calls direct, is not allocated
               not allocated function
    -------------------------------------------------------------------------
                              - Cross-reference -                      Page   12

<NEAR_CODE> 1 (was NEAR_CODE)
  Relative segment, address: CODE 000008C2 - 000008E5 (0x24 bytes), align: 0
  Segment part 13.
           ENTRY                   ADDRESS         REF BY
           =====                   =======         ======
           CLEcran::CLEcran()      000008C2        CLFesto::CLFesto() (FESTO)
               calls direct
               XSTACK = 00000000 ( 00000008 )
    -------------------------------------------------------------------------
NEAR_CODE
  Segment part 14. NOT NEEDED.
           ENTRY                   ADDRESS         REF BY
           =====                   =======         ======
           CLEcran::CLEcran(USI)   
               calls direct, is not allocated
               not allocated function
    -------------------------------------------------------------------------
<NEAR_CODE> 1 (was NEAR_CODE)
  Relative segment, address: CODE 000008E6 - 000008E8 (0x3 bytes), align: 0
  Segment part 15.
           ENTRY                   ADDRESS         REF BY
           =====                   =======         ======
           CLEcran::~CLEcran()     000008E6        CLFesto::~CLFesto() (FESTO)
               calls direct
               XSTACK = 00000008 ( 00000000 )
    -------------------------------------------------------------------------
<NEAR_CODE> 1 (was NEAR_CODE)
  Relative segment, address: CODE 000008E9 - 000008FE (0x16 bytes), align: 0
  Segment part 16.            Intra module refs:   CLEcran::vLCDInit()
           ENTRY                   ADDRESS         REF BY
           =====                   =======         ======
           CLEcran::vDelaiLCD(USI)
                                   000008E9 
               XSTACK = 00000009 ( 00000000 )
    -------------------------------------------------------------------------
<NEAR_CODE> 1 (was NEAR_CODE)
  Relative segment, address: CODE 000008FF - 00000926 (0x28 bytes), align: 0
  Segment part 17.            Intra module refs:   CLEcran::Lettre(char)
                                                   CLEcran::vLCDClr()
                                                   CLEcran::vLCDCursor(UC, UC)
                                                   CLEcran::vLCDInit()
           ENTRY                   ADDRESS         REF BY
           =====                   =======         ======
           CLEcran::vLCDBusy()     000008FF 
               calls direct
               XSTACK = 0000000A ( 00000008 )
    -------------------------------------------------------------------------
<NEAR_CODE> 1 (was NEAR_CODE)
  Relative segment, address: CODE 00000927 - 0000094D (0x27 bytes), align: 0
  Segment part 18.            Intra module refs:   CLEcran::~CLEcran()
           ENTRY                   ADDRESS         REF BY
           =====                   =======         ======
           CLEcran::vLCDClr()      00000927 
               calls direct
               XSTACK = 00000000 ( 00000008 )
    -------------------------------------------------------------------------
<NEAR_CODE> 1 (was NEAR_CODE)
  Relative segment, address: CODE 0000094E - 000009FB (0xae bytes), align: 0
  Segment part 19.            Intra module refs:   CLEcran::CLEcran()
           ENTRY                   ADDRESS         REF BY
           =====                   =======         ======
           CLEcran::vLCDInit()     0000094E 
               calls direct
               XSTACK = 00000008 ( 00000009 )
    -------------------------------------------------------------------------
<NEAR_CODE> 1 (was NEAR_CODE)
  Relative segment, address: CODE 000009FC - 00000A5D (0x62 bytes), align: 0
  Segment part 20.
           ENTRY                   ADDRESS         REF BY
           =====                   =======         ======
           CLEcran::vLCDCursor(UC, UC)
                                   000009FC        CLFesto::GetBlocColor() (FESTO)
                                                   CLFesto::ucGestionFESTO() (FESTO)
               calls direct
               XSTACK = 00000008 ( 0000000A )
    -------------------------------------------------------------------------
NEAR_CODE
  Segment part 21. NOT NEEDED.
                              - Cross-reference -                      Page   13

           ENTRY                   ADDRESS         REF BY
           =====                   =======         ======
           CLEcran::Lettre(UC)     
               calls direct, is not allocated
               not allocated function
    -------------------------------------------------------------------------
<NEAR_CODE> 1 (was NEAR_CODE)
  Relative segment, address: CODE 00000A5E - 00000A8A (0x2d bytes), align: 0
  Segment part 22.            Intra module refs:   CLEcran::String(char const *)
           ENTRY                   ADDRESS         REF BY
           =====                   =======         ======
           CLEcran::Lettre(char)   00000A5E 
               calls direct
               XSTACK = 0000001D ( 00000008 )
    -------------------------------------------------------------------------
NEAR_CODE
  Segment part 23. NOT NEEDED.
           ENTRY                   ADDRESS         REF BY
           =====                   =======         ======
           CLEcran::vHexToASCII(UC, UC *, UC *)
                                   
               is not allocated
               not allocated function
    -------------------------------------------------------------------------
NEAR_CODE
  Segment part 24. NOT NEEDED.
           ENTRY                   ADDRESS         REF BY
           =====                   =======         ======
           CLEcran::vHexToASCII(USI, UC *, UC *, UC *, UC *)
                                   
               is not allocated
               not allocated function
    -------------------------------------------------------------------------
NEAR_CODE
  Segment part 25. NOT NEEDED.
           ENTRY                   ADDRESS         REF BY
           =====                   =======         ======
           CLEcran::vLCDDisplayHexCarac(UC)
                                   
               calls direct, is not allocated
               not allocated function
    -------------------------------------------------------------------------
NEAR_CODE
  Segment part 26. NOT NEEDED.
           ENTRY                   ADDRESS         REF BY
           =====                   =======         ======
           CLEcran::vLCDDisplayHexCarac(USI)
                                   
               calls direct, is not allocated
               not allocated function
    -------------------------------------------------------------------------
NEAR_CODE
  Segment part 27. NOT NEEDED.
           ENTRY                   ADDRESS         REF BY
           =====                   =======         ======
           CLEcran::String(UC const *)
                                   
               calls direct, is not allocated
               not allocated function
    -------------------------------------------------------------------------
<NEAR_CODE> 1 (was NEAR_CODE)
  Relative segment, address: CODE 00000A8B - 00000AAB (0x21 bytes), align: 0
  Segment part 28.
           ENTRY                   ADDRESS         REF BY
           =====                   =======         ======
           CLEcran::String(char const *)
                                   00000A8B        CLFesto::GetBlocColor() (FESTO)
                                                   CLFesto::IsTheBolideHere() (FESTO)
                                                   CLFesto::ucGestionFESTO() (FESTO)
               calls direct
               XSTACK = 00000000 ( 00000008 )
    -------------------------------------------------------------------------
NEAR_CODE
  Segment part 29. NOT NEEDED.
           ENTRY                   ADDRESS         REF BY
           =====                   =======         ======
           CLEcran::vLCDDisplayScreen(UC const *)
                                   
                              - Cross-reference -                      Page   14

               calls direct, is not allocated
               not allocated function
    -------------------------------------------------------------------------
NEAR_CODE
  Segment part 30. NOT NEEDED.
           ENTRY                   ADDRESS         REF BY
           =====                   =======         ======
           CLEcran::vLCDDisplayEtatPort(UC)
                                   
               calls direct, is not allocated
               not allocated function
    -------------------------------------------------------------------------
NEAR_CODE
  Segment part 31. NOT NEEDED.
           ENTRY                   ADDRESS         REF BY
           =====                   =======         ======
           CLEcran::vLCDDisplayFloat(float)
                                   
               calls direct, is not allocated
               not allocated function
    -------------------------------------------------------------------------
ISTACK
  Segment part 1. NOT NEEDED.
    -------------------------------------------------------------------------
PSTACK
  Segment part 2. NOT NEEDED.
    -------------------------------------------------------------------------
XSTACK
  Segment part 3. NOT NEEDED.
    -------------------------------------------------------------------------
IOVERLAY
  Segment part 4. NOT NEEDED.
    -------------------------------------------------------------------------
DOVERLAY
  Segment part 5. NOT NEEDED.
    -------------------------------------------------------------------------
XDATA_I
  Segment part 6. NOT NEEDED.
           ENTRY                   ADDRESS         REF BY
           =====                   =======         ======
           __Constant_0            
    -------------------------------------------------------------------------
XDATA_ID
  Segment part 7. NOT NEEDED.
    -------------------------------------------------------------------------
XDATA_I
  Segment part 8. NOT NEEDED.
           ENTRY                   ADDRESS         REF BY
           =====                   =======         ======
           __Constant_42c80000     
    -------------------------------------------------------------------------
XDATA_ID
  Segment part 9. NOT NEEDED.

    *************************************************************************

  FILE NAME : C:\Synchro\Dropbox\Travaux\Automne 2014\ProjetSession5\ProgrammeDuFESTO\ProgrammeFESTO\UPSD\Obj\CLFestoCaptors.r51
  PROGRAM MODULE, NAME : CLFestoCaptors

  SEGMENTS IN THE MODULE
  ======================
NEAR_CODE
  Segment part 6. NOT NEEDED.
           ENTRY                   ADDRESS         REF BY
           =====                   =======         ======
           CLFestoCaptors::new CLFestoCaptors()
                                   
               calls direct, is not allocated
               not allocated function
    -------------------------------------------------------------------------
NEAR_CODE
  Segment part 7. NOT NEEDED.
           ENTRY                   ADDRESS         REF BY
           =====                   =======         ======
           CLFestoCaptors::new CLFestoCaptors(UC)
                                   
               calls direct, is not allocated
               not allocated function
                              - Cross-reference -                      Page   15

    -------------------------------------------------------------------------
NEAR_CODE
  Segment part 8. NOT NEEDED.
           ENTRY                   ADDRESS         REF BY
           =====                   =======         ======
           CLFestoCaptors::delete ~CLFestoCaptors(CLFestoCaptors *)
                                   
               calls direct, is not allocated
               not allocated function
    -------------------------------------------------------------------------
<NEAR_CODE> 1 (was NEAR_CODE)
  Relative segment, address: CODE 00001297 - 000012BA (0x24 bytes), align: 0
  Segment part 9.
           ENTRY                   ADDRESS         REF BY
           =====                   =======         ======
           CLFestoCaptors::CLFestoCaptors()
                                   00001297        CLFesto::CLFesto() (FESTO)
               calls direct
               XSTACK = 00000000 ( 00000008 )
    -------------------------------------------------------------------------
NEAR_CODE
  Segment part 10. NOT NEEDED.
           ENTRY                   ADDRESS         REF BY
           =====                   =======         ======
           CLFestoCaptors::CLFestoCaptors(UC)
                                   
               calls direct, is not allocated
               not allocated function
    -------------------------------------------------------------------------
<NEAR_CODE> 1 (was NEAR_CODE)
  Relative segment, address: CODE 000012BB - 000012DA (0x20 bytes), align: 0
  Segment part 11.
           ENTRY                   ADDRESS         REF BY
           =====                   =======         ======
           CLFestoCaptors::~CLFestoCaptors()
                                   000012BB        CLFesto::~CLFesto() (FESTO)
               calls direct
               XSTACK = 00000008 ( 00000008 )
    -------------------------------------------------------------------------
<NEAR_CODE> 1 (was NEAR_CODE)
  Relative segment, address: CODE 000012DB - 000012DD (0x3 bytes), align: 0
  Segment part 12.
           ENTRY                   ADDRESS         REF BY
           =====                   =======         ======
           CLFestoCaptors::ReadCapacitiveCaptor()
                                   000012DB        CLFesto::GetBlocColor() (FESTO)
                                                   CLFesto::ucGestionFESTO() (FESTO)
               calls direct
    -------------------------------------------------------------------------
<NEAR_CODE> 1 (was NEAR_CODE)
  Relative segment, address: CODE 000012DE - 000012E0 (0x3 bytes), align: 0
  Segment part 13.
           ENTRY                   ADDRESS         REF BY
           =====                   =======         ======
           CLFestoCaptors::ReadOpticCaptor()
                                   000012DE        CLFesto::GetBlocColor() (FESTO)
               calls direct
    -------------------------------------------------------------------------
<NEAR_CODE> 1 (was NEAR_CODE)
  Relative segment, address: CODE 000012E1 - 000012E3 (0x3 bytes), align: 0
  Segment part 14.
           ENTRY                   ADDRESS         REF BY
           =====                   =======         ======
           CLFestoCaptors::ReadInductiveCaptor()
                                   000012E1        CLFesto::GetBlocColor() (FESTO)
               calls direct
    -------------------------------------------------------------------------
<NEAR_CODE> 1 (was NEAR_CODE)
  Relative segment, address: CODE 000012E4 - 000012EE (0xb bytes), align: 0
  Segment part 15.
           ENTRY                   ADDRESS         REF BY
           =====                   =======         ======
           CLFestoCaptors::ReadHeightCaptor()
                                   000012E4        CLFesto::ucGestionFESTO() (FESTO)
               calls direct
    -------------------------------------------------------------------------
<NEAR_CODE> 1 (was NEAR_CODE)
  Relative segment, address: CODE 000012EF - 000012F9 (0xb bytes), align: 0
                              - Cross-reference -                      Page   16

  Segment part 16.
           ENTRY                   ADDRESS         REF BY
           =====                   =======         ======
           CLFestoCaptors::ReadPreVentouseCaptor()
                                   000012EF        CLFesto::ucGestionFESTO() (FESTO)
               calls direct
    -------------------------------------------------------------------------
ISTACK
  Segment part 1. NOT NEEDED.
    -------------------------------------------------------------------------
PSTACK
  Segment part 2. NOT NEEDED.
    -------------------------------------------------------------------------
XSTACK
  Segment part 3. NOT NEEDED.
    -------------------------------------------------------------------------
IOVERLAY
  Segment part 4. NOT NEEDED.
    -------------------------------------------------------------------------
DOVERLAY
  Segment part 5. NOT NEEDED.

    *************************************************************************

  FILE NAME : C:\Synchro\Dropbox\Travaux\Automne 2014\ProjetSession5\ProgrammeDuFESTO\ProgrammeFESTO\UPSD\Obj\CLI2CBase.r51
  PROGRAM MODULE, NAME : CLI2CBase

  SEGMENTS IN THE MODULE
  ======================
SFR_AN
  Relative segment, address: DATA 000000B0 - 000000B0 (0x1 bytes), align: 0
  Segment part 1. ROOT.       Intra module refs:   CLI2CBase::ucI2CLireBit()
                                                   CLI2CBase::vI2CEcrireBit(UC)
                                                   CLI2CBase::vI2CStart()
                                                   CLI2CBase::vI2CStop()
           ENTRY                   ADDRESS         REF BY
           =====                   =======         ======
           _A_P3                   000000B0 
           LOCAL                   ADDRESS         
           =====                   =======         
           P3                      000000B0 
           P3_bit                  000000B0 
    -------------------------------------------------------------------------
NEAR_CODE
  Segment part 7. NOT NEEDED.
           ENTRY                   ADDRESS         REF BY
           =====                   =======         ======
           CLI2CBase::new CLI2CBase()
                                   
               calls direct, is not allocated
               not allocated function
    -------------------------------------------------------------------------
NEAR_CODE
  Segment part 8. NOT NEEDED.
           ENTRY                   ADDRESS         REF BY
           =====                   =======         ======
           CLI2CBase::new CLI2CBase(UC)
                                   
               calls direct, is not allocated
               not allocated function
    -------------------------------------------------------------------------
NEAR_CODE
  Segment part 9. NOT NEEDED.
           ENTRY                   ADDRESS         REF BY
           =====                   =======         ======
           CLI2CBase::delete ~CLI2CBase(CLI2CBase *)
                                   
               calls direct, is not allocated
               not allocated function
    -------------------------------------------------------------------------
<NEAR_CODE> 1 (was NEAR_CODE)
  Relative segment, address: CODE 00000DF6 - 00000E05 (0x10 bytes), align: 0
  Segment part 10.
           ENTRY                   ADDRESS         REF BY
           =====                   =======         ======
           CLI2CBase::CLI2CBase()
                                   00000DF6        CLI2CPort::CLI2CPort() (CLI2CPort)
               ISTACK = 00000000 ( 00000002 )
                              - Cross-reference -                      Page   17

    -------------------------------------------------------------------------
NEAR_CODE
  Segment part 11. NOT NEEDED.
           ENTRY                   ADDRESS         REF BY
           =====                   =======         ======
           CLI2CBase::CLI2CBase(UC)
                                   
               is not allocated
               not allocated function
    -------------------------------------------------------------------------
<NEAR_CODE> 1 (was NEAR_CODE)
  Relative segment, address: CODE 00000E06 - 00000E06 (0x1 bytes), align: 0
  Segment part 12.
           ENTRY                   ADDRESS         REF BY
           =====                   =======         ======
           CLI2CBase::~CLI2CBase()
                                   00000E06        CLI2CPort::~CLI2CPort() (CLI2CPort)
               XSTACK = 00000008 ( 00000000 )
    -------------------------------------------------------------------------
<NEAR_CODE> 1 (was NEAR_CODE)
  Relative segment, address: CODE 00000E07 - 00000E30 (0x2a bytes), align: 0
  Segment part 13.
           ENTRY                   ADDRESS         REF BY
           =====                   =======         ======
           CLI2CBase::vI2CStart()
                                   00000E07        CLI2CPort::LirePCF8574() (CLI2CPort)
                                                   CLI2CPort::vI2CEcrireDonnee(UC, USI, UC, UC *, UC) (CLI2CPort)
               calls direct
               ISTACK = 00000000 ( 00000002 )
    -------------------------------------------------------------------------
<NEAR_CODE> 1 (was NEAR_CODE)
  Relative segment, address: CODE 00000E31 - 00000E5A (0x2a bytes), align: 0
  Segment part 14.
           ENTRY                   ADDRESS         REF BY
           =====                   =======         ======
           CLI2CBase::vI2CStop()   00000E31        CLI2CPort::LirePCF8574() (CLI2CPort)
                                                   CLI2CPort::vI2CEcrireDonnee(UC, USI, UC, UC *, UC) (CLI2CPort)
               calls direct
               ISTACK = 00000000 ( 00000002 )
    -------------------------------------------------------------------------
<NEAR_CODE> 1 (was NEAR_CODE)
  Relative segment, address: CODE 00000E5B - 00000E91 (0x37 bytes), align: 0
  Segment part 15.            Intra module refs:   CLI2CBase::ucI2CEcrireOctet(UC)
                                                   CLI2CBase::ucI2CLireOctet(UC)
           ENTRY                   ADDRESS         REF BY
           =====                   =======         ======
           CLI2CBase::ucI2CLireBit()
                                   00000E5B 
               calls direct
               XSTACK = 00000008 ( 00000008 )
    -------------------------------------------------------------------------
<NEAR_CODE> 1 (was NEAR_CODE)
  Relative segment, address: CODE 00000E92 - 00000EBE (0x2d bytes), align: 0
  Segment part 16.            Intra module refs:   CLI2CBase::ucI2CEcrireOctet(UC)
                                                   CLI2CBase::ucI2CLireOctet(UC)
           ENTRY                   ADDRESS         REF BY
           =====                   =======         ======
           CLI2CBase::vI2CEcrireBit(UC)
                                   00000E92 
               calls direct
               XSTACK = 00000008 ( 00000008 )
    -------------------------------------------------------------------------
<NEAR_CODE> 1 (was NEAR_CODE)
  Relative segment, address: CODE 00000EBF - 00000EFA (0x3c bytes), align: 0
  Segment part 17.
           ENTRY                   ADDRESS         REF BY
           =====                   =======         ======
           CLI2CBase::ucI2CLireOctet(UC)
                                   00000EBF        CLI2CPort::LirePCF8574() (CLI2CPort)
               calls direct
               XSTACK = 00000000 ( 00000008 )
    -------------------------------------------------------------------------
<NEAR_CODE> 1 (was NEAR_CODE)
  Relative segment, address: CODE 00000EFB - 00000F39 (0x3f bytes), align: 0
  Segment part 18.
           ENTRY                   ADDRESS         REF BY
           =====                   =======         ======
           CLI2CBase::ucI2CEcrireOctet(UC)
                              - Cross-reference -                      Page   18

                                   00000EFB        CLI2CPort::LirePCF8574() (CLI2CPort)
                                                   CLI2CPort::vI2CEcrireDonnee(UC, USI, UC, UC *, UC) (CLI2CPort)
               calls direct
               XSTACK = 00000000 ( 00000008 )
    -------------------------------------------------------------------------
<NEAR_CODE> 1 (was NEAR_CODE)
  Relative segment, address: CODE 00000F3A - 00000F51 (0x18 bytes), align: 0
  Segment part 19.            Intra module refs:   CLI2CBase::ucI2CLireBit()
                                                   CLI2CBase::vI2CEcrireBit(UC)
                                                   CLI2CBase::vI2CStart()
                                                   CLI2CBase::vI2CStop()
           ENTRY                   ADDRESS         REF BY
           =====                   =======         ======
           CLI2CBase::vDelaiI2C()
                                   00000F3A 
               XSTACK = 00000008 ( 00000000 )
               ISTACK = 00000000 ( 00000002 )
    -------------------------------------------------------------------------
ISTACK
  Segment part 2. NOT NEEDED.
    -------------------------------------------------------------------------
PSTACK
  Segment part 3. NOT NEEDED.
    -------------------------------------------------------------------------
XSTACK
  Segment part 4. NOT NEEDED.
    -------------------------------------------------------------------------
IOVERLAY
  Segment part 5. NOT NEEDED.
    -------------------------------------------------------------------------
DOVERLAY
  Segment part 6. NOT NEEDED.

    *************************************************************************

  FILE NAME : C:\Synchro\Dropbox\Travaux\Automne 2014\ProjetSession5\ProgrammeDuFESTO\ProgrammeFESTO\UPSD\Obj\CLI2CPort.r51
  PROGRAM MODULE, NAME : CLI2CPort

  SEGMENTS IN THE MODULE
  ======================
NEAR_CODE
  Segment part 6. NOT NEEDED.
           ENTRY                   ADDRESS         REF BY
           =====                   =======         ======
           CLI2CPort::new CLI2CPort()
                                   
               calls direct, is not allocated
               not allocated function
    -------------------------------------------------------------------------
NEAR_CODE
  Segment part 7. NOT NEEDED.
           ENTRY                   ADDRESS         REF BY
           =====                   =======         ======
           CLI2CPort::delete ~CLI2CPort(CLI2CPort *)
                                   
               calls direct, is not allocated
               not allocated function
    -------------------------------------------------------------------------
<NEAR_CODE> 1 (was NEAR_CODE)
  Relative segment, address: CODE 00000C66 - 00000C7D (0x18 bytes), align: 0
  Segment part 8.
           ENTRY                   ADDRESS         REF BY
           =====                   =======         ======
           CLI2CPort::CLI2CPort()
                                   00000C66        CLIOPCF8574::CLIOPCF8574() (CLIOPCF8574)
               calls direct
               ISTACK = 00000000 ( 00000002 )
    -------------------------------------------------------------------------
<NEAR_CODE> 1 (was NEAR_CODE)
  Relative segment, address: CODE 00000C7E - 00000C80 (0x3 bytes), align: 0
  Segment part 9.
           ENTRY                   ADDRESS         REF BY
           =====                   =======         ======
           CLI2CPort::~CLI2CPort()
                                   00000C7E        CLIOPCF8574::~CLIOPCF8574() (CLIOPCF8574)
               calls direct
               XSTACK = 00000008 ( 00000000 )
    -------------------------------------------------------------------------
                              - Cross-reference -                      Page   19

NEAR_CODE
  Segment part 10. NOT NEEDED.
           ENTRY                   ADDRESS         REF BY
           =====                   =======         ======
           CLI2CPort::ucI2CLireDonnee(UC, UC)
                                   
               calls direct, is not allocated
               not allocated function
    -------------------------------------------------------------------------
NEAR_CODE
  Segment part 11. NOT NEEDED.
           ENTRY                   ADDRESS         REF BY
           =====                   =======         ======
           CLI2CPort::vI2CLireDonnee(UC, USI, UC, UC *, UC)
                                   
               calls direct, is not allocated
               not allocated function
    -------------------------------------------------------------------------
NEAR_CODE
  Segment part 12. NOT NEEDED.
           ENTRY                   ADDRESS         REF BY
           =====                   =======         ======
           CLI2CPort::vI2CEcrireDonnee(UC, UC, UC)
                                   
               calls direct, is not allocated
               not allocated function
    -------------------------------------------------------------------------
<NEAR_CODE> 1 (was NEAR_CODE)
  Relative segment, address: CODE 00000C81 - 00000DB5 (0x135 bytes), align: 0
  Segment part 13.
           ENTRY                   ADDRESS         REF BY
           =====                   =======         ======
           CLI2CPort::vI2CEcrireDonnee(UC, USI, UC, UC *, UC)
                                   00000C81        CLIOPCF8574::Write(UC) (CLIOPCF8574)
               calls direct
               XSTACK = 00000004 ( 00000011 )
    -------------------------------------------------------------------------
<NEAR_CODE> 1 (was NEAR_CODE)
  Relative segment, address: CODE 00000DB6 - 00000DF5 (0x40 bytes), align: 0
  Segment part 14.
           ENTRY                   ADDRESS         REF BY
           =====                   =======         ======
           CLI2CPort::LirePCF8574()
                                   00000DB6        CLIOPCF8574::Read() (CLIOPCF8574)
               calls direct
               XSTACK = 00000000 ( 00000008 )
    -------------------------------------------------------------------------
ISTACK
  Segment part 1. NOT NEEDED.
    -------------------------------------------------------------------------
PSTACK
  Segment part 2. NOT NEEDED.
    -------------------------------------------------------------------------
XSTACK
  Segment part 3. NOT NEEDED.
    -------------------------------------------------------------------------
IOVERLAY
  Segment part 4. NOT NEEDED.
    -------------------------------------------------------------------------
DOVERLAY
  Segment part 5. NOT NEEDED.

    *************************************************************************

  FILE NAME : C:\Synchro\Dropbox\Travaux\Automne 2014\ProjetSession5\ProgrammeDuFESTO\ProgrammeFESTO\UPSD\Obj\CLIOPCF8574.r51
  PROGRAM MODULE, NAME : CLIOPCF8574

  SEGMENTS IN THE MODULE
  ======================
NEAR_CODE
  Segment part 6. NOT NEEDED.
           ENTRY                   ADDRESS         REF BY
           =====                   =======         ======
           CLIOPCF8574::new CLIOPCF8574()
                                   
               calls direct, is not allocated
               not allocated function
    -------------------------------------------------------------------------
                              - Cross-reference -                      Page   20

NEAR_CODE
  Segment part 7. NOT NEEDED.
           ENTRY                   ADDRESS         REF BY
           =====                   =======         ======
           CLIOPCF8574::new CLIOPCF8574(UC)
                                   
               calls direct, is not allocated
               not allocated function
    -------------------------------------------------------------------------
NEAR_CODE
  Segment part 8. NOT NEEDED.
           ENTRY                   ADDRESS         REF BY
           =====                   =======         ======
           CLIOPCF8574::delete ~CLIOPCF8574(CLIOPCF8574 *)
                                   
               calls direct, is not allocated
               not allocated function
    -------------------------------------------------------------------------
<NEAR_CODE> 1 (was NEAR_CODE)
  Relative segment, address: CODE 000011B7 - 000011D9 (0x23 bytes), align: 0
  Segment part 9.
           ENTRY                   ADDRESS         REF BY
           =====                   =======         ======
           CLIOPCF8574::CLIOPCF8574()
                                   000011B7        CLFestoCaptors::CLFestoCaptors() (CLFestoCaptors)
                                                   CLPompe::CLPompe() (clPompe)
               calls direct
               XSTACK = 00000000 ( 00000008 )
    -------------------------------------------------------------------------
NEAR_CODE
  Segment part 10. NOT NEEDED.
           ENTRY                   ADDRESS         REF BY
           =====                   =======         ======
           CLIOPCF8574::CLIOPCF8574(UC)
                                   
               calls direct, is not allocated
               not allocated function
    -------------------------------------------------------------------------
<NEAR_CODE> 1 (was NEAR_CODE)
  Relative segment, address: CODE 000011DA - 000011DC (0x3 bytes), align: 0
  Segment part 11.
           ENTRY                   ADDRESS         REF BY
           =====                   =======         ======
           CLIOPCF8574::~CLIOPCF8574()
                                   000011DA        CLFestoCaptors::~CLFestoCaptors() (CLFestoCaptors)
                                                   CLPompe::~CLPompe() (clPompe)
               calls direct
               XSTACK = 00000008 ( 00000000 )
    -------------------------------------------------------------------------
<NEAR_CODE> 1 (was NEAR_CODE)
  Relative segment, address: CODE 000011DD - 000011DF (0x3 bytes), align: 0
  Segment part 12.
           ENTRY                   ADDRESS         REF BY
           =====                   =======         ======
[...]
                  | + function block  :  0000001C 00000000
  06            __xdata_malloc
                | Stack used (prev) :  00000072 0000002B
                | + function block  :  00000014 00000000
  07              abort
                  | Stack used (prev) :  00000056 00000029
                  | + function block  :  00000000 00000000
                  |  Already listed
  06            _Nomemory()
                | Stack used (prev) :  00000056 00000029
                | + function block  :  00000000 00000000
  05          operator new(unsigned int)
              | Stack used (prev) :  00000086 0000002B
              | + function block  :  00000012 00000000
  04        operator new[](unsigned int)
            | Stack used (prev) :  00000098 0000002B
            | + function block  :  00000000 00000000
  04        CLCommunic::vInitBaudRate(UI)
            | Stack used (prev) :  00000056 00000029
            | + function block  :  00000016 00000000
  03      CLCommunic::CLCommunic()
          | Stack used (prev) :  00000098 0000002B
          | + function block  :  00000010 00000000
  02    CLFesto::CLFesto()
        | Stack used (prev) :  000000A8 0000002F
        | + function block  :  00000010 00000000
  01  __sti__routine()
      | Stack used (prev) :  000000B8 0000002F
      | + function block  :  00000000 00000000
  <-Sub-tree of type: Function tree
    | Stack used          :  000000B8 0000002F


  ->Sub-tree of type: Function tree
                             XSTACK   ISTACK
    | Stack used (prev) :  000000B8 0000002F
  08                CLI2CBase::vDelaiI2C()
                    | Stack used (prev) :  000000B8 0000002F
                    | + function block  :  00000008 00000002
  08                CLI2CBase::vDelaiI2C()
                    | Stack used (prev) :  000000B8 0000002F
                    | + function block  :  00000008 00000002
                    |  Already listed
  08                CLI2CBase::vDelaiI2C()
                    | Stack used (prev) :  000000B8 0000002F
                    | + function block  :  00000008 00000002
                    |  Already listed
  07              CLI2CBase::vI2CEcrireBit(UC)
                  | Stack used (prev) :  000000C0 00000031
                  | + function block  :  00000018 00000000
  07              CLI2CBase::vI2CEcrireBit(UC)
                  | Stack used (prev) :  000000C0 00000031
                  | + function block  :  00000018 00000000
                  |  Already listed
  08                CLI2CBase::vDelaiI2C()
                    | Stack used (prev) :  000000B8 0000002F
                    | + function block  :  00000008 00000002
                    |  Already listed
  08                CLI2CBase::vDelaiI2C()
                    | Stack used (prev) :  000000B8 0000002F
                    | + function block  :  00000008 00000002
                    |  Already listed
  08                CLI2CBase::vDelaiI2C()
                    | Stack used (prev) :  000000B8 0000002F
                    | + function block  :  00000008 00000002
                    |  Already listed
  08                CLI2CBase::vDelaiI2C()
                    | Stack used (prev) :  000000B8 0000002F
                    | + function block  :  00000008 00000002
                    |  Already listed
  07              CLI2CBase::ucI2CLireBit()
                  | Stack used (prev) :  000000C0 00000031
                  | + function block  :  00000018 00000000
  06            CLI2CBase::ucI2CEcrireOctet(UC)
                | Stack used (prev) :  000000D8 00000031
                | + function block  :  00000010 00000000
                              - Cross-reference -                      Page   64

  07              CLI2CBase::vDelaiI2C()
                  | Stack used (prev) :  000000B8 0000002F
                  | + function block  :  00000008 00000002
                  |  Already listed
  07              CLI2CBase::vDelaiI2C()
                  | Stack used (prev) :  000000B8 0000002F
                  | + function block  :  00000008 00000002
                  |  Already listed
  07              CLI2CBase::vDelaiI2C()
                  | Stack used (prev) :  000000B8 0000002F
                  | + function block  :  00000008 00000002
                  |  Already listed
  06            CLI2CBase::vI2CStop()
                | Stack used (prev) :  000000C0 00000031
                | + function block  :  00000000 00000004
  07              CLI2CBase::vDelaiI2C()
                  | Stack used (prev) :  000000B8 0000002F
                  | + function block  :  00000008 00000002
                  |  Already listed
  07              CLI2CBase::vDelaiI2C()
                  | Stack used (prev) :  000000B8 0000002F
                  | + function block  :  00000008 00000002
                  |  Already listed
  07              CLI2CBase::vDelaiI2C()
                  | Stack used (prev) :  000000B8 0000002F
                  | + function block  :  00000008 00000002
                  |  Already listed
  06            CLI2CBase::vI2CStart()
                | Stack used (prev) :  000000C0 00000031
                | + function block  :  00000000 00000004
  05          CLI2CPort::vI2CEcrireDonnee(UC, USI, UC, UC *, UC)
              | Stack used (prev) :  000000E8 00000035
              | + function block  :  00000026 00000000
  04        CLIOPCF8574::Write(UC)
            | Stack used (prev) :  0000010E 00000035
            | + function block  :  0000001C 00000000
  03      CLPompe::SOL719()
          | Stack used (prev) :  0000012A 00000035
          | + function block  :  00000000 00000000
  04        CLIOPCF8574::Write(UC)
            | Stack used (prev) :  0000010E 00000035
            | + function block  :  0000001C 00000000
            |  Already listed
  03      CLPompe::SOL722()
          | Stack used (prev) :  0000012A 00000035
          | + function block  :  00000000 00000000
  04        CLIOPCF8574::Write(UC)
            | Stack used (prev) :  0000010E 00000035
            | + function block  :  0000001C 00000000
            |  Already listed
  03      CLPompe::SOL716()
          | Stack used (prev) :  0000012A 00000035
          | + function block  :  00000000 00000000
  04        CLIOPCF8574::Write(UC)
            | Stack used (prev) :  0000010E 00000035
            | + function block  :  0000001C 00000000
            |  Already listed
  03      CLPompe::SOL713()
          | Stack used (prev) :  0000012A 00000035
          | + function block  :  00000000 00000000
  04        CLIOPCF8574::Write(UC)
            | Stack used (prev) :  0000010E 00000035
            | + function block  :  0000001C 00000000
            |  Already listed
  03      CLPompe::SOL725()
          | Stack used (prev) :  0000012A 00000035
          | + function block  :  00000000 00000000
  03      CLFesto::IsTheBlocInTheBolid()
          | Stack used (prev) :  000000B8 0000002F
          | + function block  :  00000008 00000000
  06            CLInOutBase::vOut(USI, UC)
                | Stack used (prev) :  0000000C 00000027
                | + function block  :  00000000 00000002
                |  Already listed
  06            CLEcran::vLCDBusy()
                | Stack used (prev) :  0000000C 00000028
                | + function block  :  0000001A 00000000
                |  Already listed
                              - Cross-reference -                      Page   65

  05          CLEcran::Lettre(char)
              | Stack used (prev) :  000000B8 0000002F
              | + function block  :  00000025 00000000
  04        CLEcran::String(char const *)
            | Stack used (prev) :  000000DD 0000002F
            | + function block  :  00000010 00000000
  03      CLFesto::IsTheBolideHere()
          | Stack used (prev) :  000000ED 0000002F
          | + function block  :  00000008 00000004
  07              CLI2CBase::ucI2CEcrireOctet(UC)
                  | Stack used (prev) :  000000D8 00000031
                  | + function block  :  00000010 00000000
                  |  Already listed
  08                CLI2CBase::vI2CEcrireBit(UC)
                    | Stack used (prev) :  000000C0 00000031
                    | + function block  :  00000018 00000000
                    |  Already listed
  08                CLI2CBase::ucI2CLireBit()
                    | Stack used (prev) :  000000C0 00000031
                    | + function block  :  00000018 00000000
                    |  Already listed
  07              CLI2CBase::ucI2CLireOctet(UC)
                  | Stack used (prev) :  000000D8 00000031
                  | + function block  :  00000010 00000000
  07              CLI2CBase::vI2CStop()
                  | Stack used (prev) :  000000C0 00000031
                  | + function block  :  00000000 00000004
                  |  Already listed
  07              CLI2CBase::vI2CStart()
                  | Stack used (prev) :  000000C0 00000031
                  | + function block  :  00000000 00000004
                  |  Already listed
  06            CLI2CPort::LirePCF8574()
                | Stack used (prev) :  000000E8 00000035
                | + function block  :  00000010 00000000
  05          CLIOPCF8574::Read()
              | Stack used (prev) :  000000F8 00000035
              | + function block  :  00000000 00000000
  04        CLFestoCaptors::ReadInductiveCaptor()
            | Stack used (prev) :  000000F8 00000035
            | + function block  :  00000000 00000000
  05          CLIOPCF8574::Read()
              | Stack used (prev) :  000000F8 00000035
              | + function block  :  00000000 00000000
              |  Already listed
  04        CLFestoCaptors::ReadOpticCaptor()
            | Stack used (prev) :  000000F8 00000035
            | + function block  :  00000000 00000000
  05          CLIOPCF8574::Read()
              | Stack used (prev) :  000000F8 00000035
              | + function block  :  00000000 00000000
              |  Already listed
  04        CLFestoCaptors::ReadCapacitiveCaptor()
            | Stack used (prev) :  000000F8 00000035
            | + function block  :  00000000 00000000
  04        CLEcran::String(char const *)
            | Stack used (prev) :  000000DD 0000002F
            | + function block  :  00000010 00000000
            |  Already listed
  05          CLInOutBase::vOut(USI, UC)
              | Stack used (prev) :  0000000C 00000027
              | + function block  :  00000000 00000002
              |  Already listed
  05          CLEcran::vLCDBusy()
              | Stack used (prev) :  0000000C 00000028
              | + function block  :  0000001A 00000000
              |  Already listed
  04        CLEcran::vLCDCursor(UC, UC)
            | Stack used (prev) :  000000B8 0000002F
            | + function block  :  00000012 00000000
  03      CLFesto::GetBlocColor()
          | Stack used (prev) :  000000F8 00000035
          | + function block  :  0000001E 00000000
  05          CLCommunic::Send(UC)
              | Stack used (prev) :  000000B8 0000002F
              | + function block  :  0000000A 00000000
  04        CLCommunic::SendString(char const *)
            | Stack used (prev) :  000000C2 0000002F
                              - Cross-reference -                      Page   66

            | + function block  :  00000010 00000000
  04        CLCommunic::Send(UC)
            | Stack used (prev) :  000000B8 0000002F
            | + function block  :  0000000A 00000000
            |  Already listed
  03      CLFesto::SendToStation1(char const *)
          | Stack used (prev) :  000000D2 0000002F
          | + function block  :  00000018 00000000
  03      CLFesto::SendToStation1(char const *)
          | Stack used (prev) :  000000D2 0000002F
          | + function block  :  00000018 00000000
          |  Already listed
  03      CLFesto::SendToStation1(char const *)
          | Stack used (prev) :  000000D2 0000002F
          | + function block  :  00000018 00000000
          |  Already listed
  03      CLFesto::SendToStation1(char const *)
          | Stack used (prev) :  000000D2 0000002F
          | + function block  :  00000018 00000000
          |  Already listed
  04        CLCommunic::SendString(char const *)
            | Stack used (prev) :  000000C2 0000002F
            | + function block  :  00000010 00000000
            |  Already listed
  04        CLCommunic::Send(UC)
            | Stack used (prev) :  000000B8 0000002F
            | + function block  :  0000000A 00000000
            |  Already listed
  03      CLFesto::SendToBolide(char const *)
          | Stack used (prev) :  000000D2 0000002F
          | + function block  :  00000018 00000000
  03      CLFesto::SendToBolide(char const *)
          | Stack used (prev) :  000000D2 0000002F
          | + function block  :  00000018 00000000
          |  Already listed
  03      CLFesto::SendToBolide(char const *)
          | Stack used (prev) :  000000D2 0000002F
          | + function block  :  00000018 00000000
          |  Already listed
  03      CLFesto::SendToBolide(char const *)
          | Stack used (prev) :  000000D2 0000002F
          | + function block  :  00000018 00000000
          |  Already listed
  04        CLIOPCF8574::Read()
            | Stack used (prev) :  000000F8 00000035
            | + function block  :  00000000 00000000
            |  Already listed
  03      CLFestoCaptors::ReadPreVentouseCaptor()
          | Stack used (prev) :  000000F8 00000035
          | + function block  :  00000000 00000000
  04        CLIOPCF8574::Read()
            | Stack used (prev) :  000000F8 00000035
            | + function block  :  00000000 00000000
            |  Already listed
  03      CLFestoCaptors::ReadHeightCaptor()
          | Stack used (prev) :  000000F8 00000035
          | + function block  :  00000000 00000000
  03      CLFestoCaptors::ReadCapacitiveCaptor()
          | Stack used (prev) :  000000F8 00000035
          | + function block  :  00000000 00000000
          |  Already listed
  03      CLEcran::String(char const *)
          | Stack used (prev) :  000000DD 0000002F
          | + function block  :  00000010 00000000
          |  Already listed
  03      CLEcran::vLCDCursor(UC, UC)
          | Stack used (prev) :  000000B8 0000002F
          | + function block  :  00000012 00000000
          |  Already listed
  02    CLFesto::ucGestionFESTO()
        | Stack used (prev) :  0000012A 00000035
        | + function block  :  00000010 00000000
  01  main
      | Stack used (prev) :  0000013A 00000035
      | + function block  :  00000000 00000000
  <-Sub-tree of type: Function tree
    | Stack used          :  0000013A 00000035

                              - Cross-reference -                      Page   67


  ->Sub-tree of type: Function tree
                             XSTACK   ISTACK
    | Stack used (prev) :  0000013A 00000035
  02    __call_ctors
        | Stack used (prev) :  0000013A 00000035
        | + function block  :  0000000C 00000000
  01  __cstart_call_ctors
      | Stack used (prev) :  00000146 00000035
      | + function block  :  00000000 00000000
  <-Sub-tree of type: Function tree
    | Stack used          :  00000146 00000035


  ->Sub-tree of type: Function tree
                             XSTACK   ISTACK
    | Stack used (prev) :  00000146 00000035
  01  __program_start
      | Stack used (prev) :  00000146 00000035
      | + function block  :  00000000 00000000
  <-Sub-tree of type: Function tree
    | Stack used          :  00000146 00000035


  ->Sub-tree of type: Function tree
                             XSTACK   ISTACK
    | Stack used (prev) :  00000146 00000035
  01  __low_level_init
      | Stack used (prev) :  00000146 00000035
      | + function block  :  00000000 00000000
  <-Sub-tree of type: Function tree
    | Stack used          :  00000146 00000035


  ->Sub-tree of type: Function tree
                             XSTACK   ISTACK
    | Stack used (prev) :  00000146 00000035
  01  __call_dtors
      | Stack used (prev) :  00000146 00000035
      | + function block  :  00000000 00000002
  <-Sub-tree of type: Function tree
    | Stack used          :  00000146 00000037


  ->Sub-tree of type: Function tree
                             XSTACK   ISTACK
    | Stack used (prev) :  00000146 00000037
  02    _exit
        | Stack used (prev) :  00000146 00000037
        | + function block  :  00000000 00000000
  01  exit
      | Stack used (prev) :  00000146 00000037
      | + function block  :  00000000 00000000
  <-Sub-tree of type: Function tree
    | Stack used          :  00000146 00000037




                ****************************************
                *                                      *
                *      SEGMENTS IN ADDRESS ORDER       *
                *                                      *
                ****************************************


SEGMENT              SPACE    START ADDRESS   END ADDRESS     SIZE  TYPE  ALIGN
=======              =====    =============   ===========     ====  ====  =====
INTVEC               CODE          00000000 - 00000025          26   com    0
CSTART               CODE          00000026 - 00000090          6B   rel    0
IXDATA_ID            CODE               00000091                     dse    0
IDATA_ID             CODE               00000091                     dse    0
DATA_ID              CODE               00000091                     dse    0
PDATA_ID             CODE               00000091                     dse    0
BIT_ID               CODE               00000091                     dse    0
BDATA_ID             CODE               00000091                     dse    0
XDATA_ID             CODE          00000091 - 00000114          84   rel    0
RCODE                CODE          00000115 - 0000039E         28A   rel    0
                              - Cross-reference -                      Page   68

DIFUNCT              CODE          0000039F - 000003A0           2   rel    0
<NEAR_CODE> 1        CODE          000003A1 - 00001407        1067   rel    0
REGISTERS            DATA          00000000 - 00000007           8   rel    0
VREG                 DATA          00000008 - 0000000F           8   rel    0
PSP                  DATA               00000010                     dse    0
XSP                  DATA          00000010 - 00000011           2   rel    0
BREG                 BIT        00000020.0  -  00000020.7        8   rel    0
SFR_AN               DATA          00000087 - 00000089           3   rel    0
                     DATA          0000008D - 0000008D           1 
                     DATA          00000090 - 00000090           1 
                     DATA          00000098 - 00000099           2 
                     DATA          000000A8 - 000000A8           1 
                     DATA          000000AE - 000000AE           1 
                     DATA          000000B0 - 000000B0           1 
XSTACK               XDATA         00000001 - 00000EFF         EFF   rel    0
XDATA_Z              XDATA         00000F00 - 00000F2D          2E   rel    0
PDATA_Z              XDATA              00000F01                     rel    0
XDATA_I              XDATA         00000F2E - 00000FB1          84   rel    0
XDATA_HEAP           XDATA         00000FB2 - 00001FB0         FFF   dse    0
ISTACK               IDATA         000000C0 - 000000FF          40   rel    0

                ****************************************
                *                                      *
                *        END OF CROSS REFERENCE        *
                *                                      *
                ****************************************

 5 128 bytes of CODE  memory
    18 bytes of DATA  memory (+ 10 absolute )
 8 112 bytes of XDATA memory
    64 bytes of IDATA memory
     8 bits  of BIT   memory

Errors: none
Warnings: none

